<?xml version="1.0" encoding="ISO-8859-1" ?>
<link_info>
   <banner>TI ARM Linker Unix v20.2.2.LTS</banner>
   <copyright>Copyright (c) 1996-2018 Texas Instruments Incorporated</copyright>
   <link_time>0x605b399b</link_time>
   <link_errors>0x0</link_errors>
   <output_file>external fd driver.out</output_file>
   <entry_point>
      <name>_c_int00_noargs</name>
      <address>0x1245</address>
   </entry_point>
   <input_file_list>
      <input_file id="fl-2">
         <path>./</path>
         <kind>object</kind>
         <file>main.obj</file>
         <name>main.obj</name>
      </input_file>
      <input_file id="fl-3">
         <path>./</path>
         <kind>object</kind>
         <file>tm4c123gh6pm_startup_ccs.obj</file>
         <name>tm4c123gh6pm_startup_ccs.obj</name>
      </input_file>
      <input_file id="fl-4">
         <path>./driver/CanFD/</path>
         <kind>object</kind>
         <file>CanFD_API.obj</file>
         <name>CanFD_API.obj</name>
      </input_file>
      <input_file id="fl-5">
         <path>./driver/CanFD/</path>
         <kind>object</kind>
         <file>SPI_interface.obj</file>
         <name>SPI_interface.obj</name>
      </input_file>
      <input_file id="fl-6">
         <path>./driver/spi/</path>
         <kind>object</kind>
         <file>spi.obj</file>
         <name>spi.obj</name>
      </input_file>
      <input_file id="fl-7">
         <path>./driverlib/</path>
         <kind>object</kind>
         <file>adc.obj</file>
         <name>adc.obj</name>
      </input_file>
      <input_file id="fl-8">
         <path>./driverlib/</path>
         <kind>object</kind>
         <file>aes.obj</file>
         <name>aes.obj</name>
      </input_file>
      <input_file id="fl-9">
         <path>./driverlib/</path>
         <kind>object</kind>
         <file>can.obj</file>
         <name>can.obj</name>
      </input_file>
      <input_file id="fl-a">
         <path>./driverlib/</path>
         <kind>object</kind>
         <file>comp.obj</file>
         <name>comp.obj</name>
      </input_file>
      <input_file id="fl-b">
         <path>./driverlib/</path>
         <kind>object</kind>
         <file>cpu.obj</file>
         <name>cpu.obj</name>
      </input_file>
      <input_file id="fl-c">
         <path>./driverlib/</path>
         <kind>object</kind>
         <file>crc.obj</file>
         <name>crc.obj</name>
      </input_file>
      <input_file id="fl-d">
         <path>./driverlib/</path>
         <kind>object</kind>
         <file>des.obj</file>
         <name>des.obj</name>
      </input_file>
      <input_file id="fl-e">
         <path>./driverlib/</path>
         <kind>object</kind>
         <file>eeprom.obj</file>
         <name>eeprom.obj</name>
      </input_file>
      <input_file id="fl-f">
         <path>./driverlib/</path>
         <kind>object</kind>
         <file>emac.obj</file>
         <name>emac.obj</name>
      </input_file>
      <input_file id="fl-10">
         <path>./driverlib/</path>
         <kind>object</kind>
         <file>epi.obj</file>
         <name>epi.obj</name>
      </input_file>
      <input_file id="fl-11">
         <path>./driverlib/</path>
         <kind>object</kind>
         <file>epi_workaround_ccs.obj</file>
         <name>epi_workaround_ccs.obj</name>
      </input_file>
      <input_file id="fl-12">
         <path>./driverlib/</path>
         <kind>object</kind>
         <file>flash.obj</file>
         <name>flash.obj</name>
      </input_file>
      <input_file id="fl-13">
         <path>./driverlib/</path>
         <kind>object</kind>
         <file>fpu.obj</file>
         <name>fpu.obj</name>
      </input_file>
      <input_file id="fl-14">
         <path>./driverlib/</path>
         <kind>object</kind>
         <file>gpio.obj</file>
         <name>gpio.obj</name>
      </input_file>
      <input_file id="fl-15">
         <path>./driverlib/</path>
         <kind>object</kind>
         <file>hibernate.obj</file>
         <name>hibernate.obj</name>
      </input_file>
      <input_file id="fl-16">
         <path>./driverlib/</path>
         <kind>object</kind>
         <file>i2c.obj</file>
         <name>i2c.obj</name>
      </input_file>
      <input_file id="fl-17">
         <path>./driverlib/</path>
         <kind>object</kind>
         <file>interrupt.obj</file>
         <name>interrupt.obj</name>
      </input_file>
      <input_file id="fl-18">
         <path>./driverlib/</path>
         <kind>object</kind>
         <file>lcd.obj</file>
         <name>lcd.obj</name>
      </input_file>
      <input_file id="fl-19">
         <path>./driverlib/</path>
         <kind>object</kind>
         <file>mpu.obj</file>
         <name>mpu.obj</name>
      </input_file>
      <input_file id="fl-1a">
         <path>./driverlib/</path>
         <kind>object</kind>
         <file>onewire.obj</file>
         <name>onewire.obj</name>
      </input_file>
      <input_file id="fl-1b">
         <path>./driverlib/</path>
         <kind>object</kind>
         <file>pwm.obj</file>
         <name>pwm.obj</name>
      </input_file>
      <input_file id="fl-1c">
         <path>./driverlib/</path>
         <kind>object</kind>
         <file>qei.obj</file>
         <name>qei.obj</name>
      </input_file>
      <input_file id="fl-1d">
         <path>./driverlib/</path>
         <kind>object</kind>
         <file>shamd5.obj</file>
         <name>shamd5.obj</name>
      </input_file>
      <input_file id="fl-1e">
         <path>./driverlib/</path>
         <kind>object</kind>
         <file>ssi.obj</file>
         <name>ssi.obj</name>
      </input_file>
      <input_file id="fl-1f">
         <path>./driverlib/</path>
         <kind>object</kind>
         <file>sw_crc.obj</file>
         <name>sw_crc.obj</name>
      </input_file>
      <input_file id="fl-20">
         <path>./driverlib/</path>
         <kind>object</kind>
         <file>sysctl.obj</file>
         <name>sysctl.obj</name>
      </input_file>
      <input_file id="fl-21">
         <path>./driverlib/</path>
         <kind>object</kind>
         <file>sysexc.obj</file>
         <name>sysexc.obj</name>
      </input_file>
      <input_file id="fl-22">
         <path>./driverlib/</path>
         <kind>object</kind>
         <file>systick.obj</file>
         <name>systick.obj</name>
      </input_file>
      <input_file id="fl-23">
         <path>./driverlib/</path>
         <kind>object</kind>
         <file>timer.obj</file>
         <name>timer.obj</name>
      </input_file>
      <input_file id="fl-24">
         <path>./driverlib/</path>
         <kind>object</kind>
         <file>uart.obj</file>
         <name>uart.obj</name>
      </input_file>
      <input_file id="fl-25">
         <path>./driverlib/</path>
         <kind>object</kind>
         <file>udma.obj</file>
         <name>udma.obj</name>
      </input_file>
      <input_file id="fl-26">
         <path>./driverlib/</path>
         <kind>object</kind>
         <file>usb.obj</file>
         <name>usb.obj</name>
      </input_file>
      <input_file id="fl-27">
         <path>./driverlib/</path>
         <kind>object</kind>
         <file>watchdog.obj</file>
         <name>watchdog.obj</name>
      </input_file>
      <input_file id="fl-2f">
         <kind>object</kind>
         <file>&lt;internal&gt;</file>
         <name>&lt;internal&gt;</name>
      </input_file>
      <input_file id="fl-e5">
         <path>/home/mostafa/ti/ccs1020/ccs/tools/compiler/ti-cgt-arm_20.2.2.LTS/lib/</path>
         <kind>archive</kind>
         <file>rtsv7M4_T_le_v4SPD16_eabi.lib</file>
         <name>copy_zero_init.c.obj</name>
      </input_file>
      <input_file id="fl-e6">
         <path>/home/mostafa/ti/ccs1020/ccs/tools/compiler/ti-cgt-arm_20.2.2.LTS/lib/</path>
         <kind>archive</kind>
         <file>rtsv7M4_T_le_v4SPD16_eabi.lib</file>
         <name>copy_decompress_none.c.obj</name>
      </input_file>
      <input_file id="fl-e7">
         <path>/home/mostafa/ti/ccs1020/ccs/tools/compiler/ti-cgt-arm_20.2.2.LTS/lib/</path>
         <kind>archive</kind>
         <file>rtsv7M4_T_le_v4SPD16_eabi.lib</file>
         <name>copy_decompress_lzss.c.obj</name>
      </input_file>
      <input_file id="fl-e8">
         <path>/home/mostafa/ti/ccs1020/ccs/tools/compiler/ti-cgt-arm_20.2.2.LTS/lib/</path>
         <kind>archive</kind>
         <file>rtsv7M4_T_le_v4SPD16_eabi.lib</file>
         <name>boot_cortex_m.c.obj</name>
      </input_file>
      <input_file id="fl-e9">
         <path>/home/mostafa/ti/ccs1020/ccs/tools/compiler/ti-cgt-arm_20.2.2.LTS/lib/</path>
         <kind>archive</kind>
         <file>rtsv7M4_T_le_v4SPD16_eabi.lib</file>
         <name>memcpy_t2.asm.obj</name>
      </input_file>
      <input_file id="fl-ea">
         <path>/home/mostafa/ti/ccs1020/ccs/tools/compiler/ti-cgt-arm_20.2.2.LTS/lib/</path>
         <kind>archive</kind>
         <file>rtsv7M4_T_le_v4SPD16_eabi.lib</file>
         <name>memset_t2.asm.obj</name>
      </input_file>
      <input_file id="fl-eb">
         <path>/home/mostafa/ti/ccs1020/ccs/tools/compiler/ti-cgt-arm_20.2.2.LTS/lib/</path>
         <kind>archive</kind>
         <file>rtsv7M4_T_le_v4SPD16_eabi.lib</file>
         <name>autoinit.c.obj</name>
      </input_file>
      <input_file id="fl-ec">
         <path>/home/mostafa/ti/ccs1020/ccs/tools/compiler/ti-cgt-arm_20.2.2.LTS/lib/</path>
         <kind>archive</kind>
         <file>rtsv7M4_T_le_v4SPD16_eabi.lib</file>
         <name>pre_init.c.obj</name>
      </input_file>
      <input_file id="fl-ed">
         <path>/home/mostafa/ti/ccs1020/ccs/tools/compiler/ti-cgt-arm_20.2.2.LTS/lib/</path>
         <kind>archive</kind>
         <file>rtsv7M4_T_le_v4SPD16_eabi.lib</file>
         <name>cpy_tbl.c.obj</name>
      </input_file>
      <input_file id="fl-ee">
         <path>/home/mostafa/ti/ccs1020/ccs/tools/compiler/ti-cgt-arm_20.2.2.LTS/lib/</path>
         <kind>archive</kind>
         <file>rtsv7M4_T_le_v4SPD16_eabi.lib</file>
         <name>exit.c.obj</name>
      </input_file>
      <input_file id="fl-ef">
         <path>/home/mostafa/ti/ccs1020/ccs/tools/compiler/ti-cgt-arm_20.2.2.LTS/lib/</path>
         <kind>archive</kind>
         <file>rtsv7M4_T_le_v4SPD16_eabi.lib</file>
         <name>_lock.c.obj</name>
      </input_file>
      <input_file id="fl-f0">
         <path>/home/mostafa/ti/ccs1020/ccs/tools/compiler/ti-cgt-arm_20.2.2.LTS/lib/</path>
         <kind>archive</kind>
         <file>rtsv7M4_T_le_v4SPD16_eabi.lib</file>
         <name>args_main.c.obj</name>
      </input_file>
   </input_file_list>
   <object_component_list>
      <object_component id="oc-12">
         <name>.intvecs</name>
         <load_address>0x0</load_address>
         <run_address>0x0</run_address>
         <size>0x26c</size>
         <input_file_ref idref="fl-3"/>
      </object_component>
      <object_component id="oc-c3">
         <name>.text</name>
         <load_address>0x26c</load_address>
         <run_address>0x26c</run_address>
         <size>0xb94</size>
         <input_file_ref idref="fl-14"/>
      </object_component>
      <object_component id="oc-110">
         <name>.text</name>
         <load_address>0xe00</load_address>
         <run_address>0xe00</run_address>
         <size>0x3c0</size>
         <input_file_ref idref="fl-17"/>
      </object_component>
      <object_component id="oc-d6">
         <name>.text:__TI_auto_init_nobinit_nopinit:__TI_auto_init_nobinit_nopinit</name>
         <load_address>0x11c0</load_address>
         <run_address>0x11c0</run_address>
         <size>0x44</size>
         <input_file_ref idref="fl-eb"/>
      </object_component>
      <object_component id="oc-149">
         <name>.text</name>
         <load_address>0x1204</load_address>
         <run_address>0x1204</run_address>
         <size>0x3e</size>
         <input_file_ref idref="fl-b"/>
      </object_component>
      <object_component id="oc-59">
         <name>.text:_c_int00_noargs:_c_int00_noargs</name>
         <load_address>0x1244</load_address>
         <run_address>0x1244</run_address>
         <size>0x34</size>
         <input_file_ref idref="fl-e8"/>
      </object_component>
      <object_component id="oc-47">
         <name>.text:decompress:ZI:__TI_zero_init_nomemset:__TI_zero_init_nomemset</name>
         <load_address>0x1278</load_address>
         <run_address>0x1278</run_address>
         <size>0x1c</size>
         <input_file_ref idref="fl-e5"/>
      </object_component>
      <object_component id="oc-9b">
         <name>.text</name>
         <load_address>0x1294</load_address>
         <run_address>0x1294</run_address>
         <size>0x10</size>
         <input_file_ref idref="fl-2"/>
      </object_component>
      <object_component id="oc-27">
         <name>.text</name>
         <load_address>0x12a4</load_address>
         <run_address>0x12a4</run_address>
         <size>0xc</size>
         <input_file_ref idref="fl-3"/>
      </object_component>
      <object_component id="oc-95">
         <name>.text:_system_pre_init</name>
         <load_address>0x12b0</load_address>
         <run_address>0x12b0</run_address>
         <size>0x4</size>
         <input_file_ref idref="fl-ec"/>
      </object_component>
      <object_component id="oc-ca">
         <name>.text:abort:abort</name>
         <load_address>0x12b4</load_address>
         <run_address>0x12b4</run_address>
         <size>0x4</size>
         <input_file_ref idref="fl-ee"/>
      </object_component>
      <object_component id="oc-10d">
         <name>.const:g_ppui32GPIOIntMapSnowflake</name>
         <load_address>0x12b8</load_address>
         <run_address>0x12b8</run_address>
         <size>0xd8</size>
         <input_file_ref idref="fl-14"/>
      </object_component>
      <object_component id="oc-10a">
         <name>.const:g_ppui32GPIOIntMapBlizzard</name>
         <load_address>0x1390</load_address>
         <run_address>0x1390</run_address>
         <size>0xc0</size>
         <input_file_ref idref="fl-14"/>
      </object_component>
      <object_component id="oc-155">
         <name>.const:g_pui32Regs</name>
         <load_address>0x1450</load_address>
         <run_address>0x1450</run_address>
         <size>0x9c</size>
         <input_file_ref idref="fl-17"/>
      </object_component>
      <object_component id="oc-116">
         <name>.const:g_pui32GPIOBaseAddrs</name>
         <load_address>0x14ec</load_address>
         <run_address>0x14ec</run_address>
         <size>0x90</size>
         <input_file_ref idref="fl-14"/>
      </object_component>
      <object_component id="oc-152">
         <name>.const:g_pui32Priority</name>
         <load_address>0x157c</load_address>
         <run_address>0x157c</run_address>
         <size>0x20</size>
         <input_file_ref idref="fl-17"/>
      </object_component>
      <object_component id="oc-15b">
         <name>.const:g_pui32Dii16Regs</name>
         <load_address>0x159c</load_address>
         <run_address>0x159c</run_address>
         <size>0x14</size>
         <input_file_ref idref="fl-17"/>
      </object_component>
      <object_component id="oc-158">
         <name>.const:g_pui32EnRegs</name>
         <load_address>0x15b0</load_address>
         <run_address>0x15b0</run_address>
         <size>0x14</size>
         <input_file_ref idref="fl-17"/>
      </object_component>
      <object_component id="oc-15e">
         <name>.const:g_pui32PendRegs</name>
         <load_address>0x15c4</load_address>
         <run_address>0x15c4</run_address>
         <size>0x14</size>
         <input_file_ref idref="fl-17"/>
      </object_component>
      <object_component id="oc-161">
         <name>.const:g_pui32UnpendRegs</name>
         <load_address>0x15d8</load_address>
         <run_address>0x15d8</run_address>
         <size>0x14</size>
         <input_file_ref idref="fl-17"/>
      </object_component>
      <object_component id="oc-1d6">
         <name>.cinit..vtable.load</name>
         <load_address>0x15f0</load_address>
         <run_address>0x15f0</run_address>
         <size>0x8</size>
      </object_component>
      <object_component id="oc-1d4">
         <name>__TI_handler_table</name>
         <load_address>0x15f8</load_address>
         <run_address>0x15f8</run_address>
         <size>0x4</size>
      </object_component>
      <object_component id="oc-1d5">
         <name>__TI_cinit_table</name>
         <load_address>0x15fc</load_address>
         <run_address>0x15fc</run_address>
         <size>0x8</size>
      </object_component>
      <object_component id="oc-14f">
         <name>.vtable</name>
         <uninitialized>true</uninitialized>
         <run_address>0x20000000</run_address>
         <size>0x26c</size>
         <input_file_ref idref="fl-17"/>
      </object_component>
      <object_component id="oc-24">
         <name>.stack</name>
         <uninitialized>true</uninitialized>
         <run_address>0x20000270</run_address>
         <size>0x4</size>
         <input_file_ref idref="fl-e8"/>
      </object_component>
      <object_component id="oc-1d8">
         <name>.stack</name>
         <uninitialized>true</uninitialized>
         <run_address>0x20000270</run_address>
         <size>0x0</size>
      </object_component>
      <object_component id="oc-b2">
         <name>.debug_info</name>
         <load_address>0x0</load_address>
         <run_address>0x0</run_address>
         <size>0x31f</size>
         <input_file_ref idref="fl-2"/>
      </object_component>
      <object_component id="oc-9c">
         <name>.debug_info</name>
         <load_address>0x31f</load_address>
         <run_address>0x31f</run_address>
         <size>0x131</size>
         <input_file_ref idref="fl-2"/>
      </object_component>
      <object_component id="oc-70">
         <name>.debug_info</name>
         <load_address>0x450</load_address>
         <run_address>0x450</run_address>
         <size>0x26b</size>
         <input_file_ref idref="fl-2"/>
      </object_component>
      <object_component id="oc-36">
         <name>.debug_info</name>
         <load_address>0x6bb</load_address>
         <run_address>0x6bb</run_address>
         <size>0x84</size>
         <input_file_ref idref="fl-2"/>
      </object_component>
      <object_component id="oc-ad">
         <name>.debug_info</name>
         <load_address>0x73f</load_address>
         <run_address>0x73f</run_address>
         <size>0x2a4</size>
         <input_file_ref idref="fl-2"/>
      </object_component>
      <object_component id="oc-11a">
         <name>.debug_info</name>
         <load_address>0x9e3</load_address>
         <run_address>0x9e3</run_address>
         <size>0xef</size>
         <input_file_ref idref="fl-2"/>
      </object_component>
      <object_component id="oc-75">
         <name>.debug_info</name>
         <load_address>0xad2</load_address>
         <run_address>0xad2</run_address>
         <size>0xbb</size>
         <input_file_ref idref="fl-2"/>
      </object_component>
      <object_component id="oc-2f">
         <name>.debug_info</name>
         <load_address>0xb8d</load_address>
         <run_address>0xb8d</run_address>
         <size>0x2d3</size>
         <input_file_ref idref="fl-3"/>
      </object_component>
      <object_component id="oc-13">
         <name>.debug_info</name>
         <load_address>0xe60</load_address>
         <run_address>0xe60</run_address>
         <size>0x112</size>
         <input_file_ref idref="fl-3"/>
      </object_component>
      <object_component id="oc-28">
         <name>.debug_info</name>
         <load_address>0xf72</load_address>
         <run_address>0xf72</run_address>
         <size>0x28e</size>
         <input_file_ref idref="fl-3"/>
      </object_component>
      <object_component id="oc-120">
         <name>.debug_info</name>
         <load_address>0x1200</load_address>
         <run_address>0x1200</run_address>
         <size>0x8b</size>
         <input_file_ref idref="fl-4"/>
      </object_component>
      <object_component id="oc-14a">
         <name>.debug_info</name>
         <load_address>0x128b</load_address>
         <run_address>0x128b</run_address>
         <size>0x35f</size>
         <input_file_ref idref="fl-b"/>
      </object_component>
      <object_component id="oc-11f">
         <name>.debug_info</name>
         <load_address>0x15ea</load_address>
         <run_address>0x15ea</run_address>
         <size>0x383</size>
         <input_file_ref idref="fl-14"/>
      </object_component>
      <object_component id="oc-10b">
         <name>.debug_info</name>
         <load_address>0x196d</load_address>
         <run_address>0x196d</run_address>
         <size>0x123</size>
         <input_file_ref idref="fl-14"/>
      </object_component>
      <object_component id="oc-10e">
         <name>.debug_info</name>
         <load_address>0x1a90</load_address>
         <run_address>0x1a90</run_address>
         <size>0x125</size>
         <input_file_ref idref="fl-14"/>
      </object_component>
      <object_component id="oc-117">
         <name>.debug_info</name>
         <load_address>0x1bb5</load_address>
         <run_address>0x1bb5</run_address>
         <size>0x117</size>
         <input_file_ref idref="fl-14"/>
      </object_component>
      <object_component id="oc-c4">
         <name>.debug_info</name>
         <load_address>0x1ccc</load_address>
         <run_address>0x1ccc</run_address>
         <size>0x3146</size>
         <input_file_ref idref="fl-14"/>
      </object_component>
      <object_component id="oc-165">
         <name>.debug_info</name>
         <load_address>0x4e12</load_address>
         <run_address>0x4e12</run_address>
         <size>0x360</size>
         <input_file_ref idref="fl-17"/>
      </object_component>
      <object_component id="oc-153">
         <name>.debug_info</name>
         <load_address>0x5172</load_address>
         <run_address>0x5172</run_address>
         <size>0x112</size>
         <input_file_ref idref="fl-17"/>
      </object_component>
      <object_component id="oc-156">
         <name>.debug_info</name>
         <load_address>0x5284</load_address>
         <run_address>0x5284</run_address>
         <size>0x10a</size>
         <input_file_ref idref="fl-17"/>
      </object_component>
      <object_component id="oc-159">
         <name>.debug_info</name>
         <load_address>0x538e</load_address>
         <run_address>0x538e</run_address>
         <size>0x10e</size>
         <input_file_ref idref="fl-17"/>
      </object_component>
      <object_component id="oc-15c">
         <name>.debug_info</name>
         <load_address>0x549c</load_address>
         <run_address>0x549c</run_address>
         <size>0x114</size>
         <input_file_ref idref="fl-17"/>
      </object_component>
      <object_component id="oc-15f">
         <name>.debug_info</name>
         <load_address>0x55b0</load_address>
         <run_address>0x55b0</run_address>
         <size>0x112</size>
         <input_file_ref idref="fl-17"/>
      </object_component>
      <object_component id="oc-162">
         <name>.debug_info</name>
         <load_address>0x56c2</load_address>
         <run_address>0x56c2</run_address>
         <size>0x116</size>
         <input_file_ref idref="fl-17"/>
      </object_component>
      <object_component id="oc-150">
         <name>.debug_info</name>
         <load_address>0x57d8</load_address>
         <run_address>0x57d8</run_address>
         <size>0x113</size>
         <input_file_ref idref="fl-17"/>
      </object_component>
      <object_component id="oc-111">
         <name>.debug_info</name>
         <load_address>0x58eb</load_address>
         <run_address>0x58eb</run_address>
         <size>0xd13</size>
         <input_file_ref idref="fl-17"/>
      </object_component>
      <object_component id="oc-8e">
         <name>.debug_info</name>
         <load_address>0x65fe</load_address>
         <run_address>0x65fe</run_address>
         <size>0x2d4</size>
         <input_file_ref idref="fl-e5"/>
      </object_component>
      <object_component id="oc-4b">
         <name>.debug_info</name>
         <load_address>0x68d2</load_address>
         <run_address>0x68d2</run_address>
         <size>0x1d2</size>
         <input_file_ref idref="fl-e5"/>
      </object_component>
      <object_component id="oc-89">
         <name>.debug_info</name>
         <load_address>0x6aa4</load_address>
         <run_address>0x6aa4</run_address>
         <size>0x46</size>
         <input_file_ref idref="fl-e5"/>
      </object_component>
      <object_component id="oc-ba">
         <name>.debug_info</name>
         <load_address>0x6aea</load_address>
         <run_address>0x6aea</run_address>
         <size>0x2c</size>
         <input_file_ref idref="fl-e5"/>
      </object_component>
      <object_component id="oc-25">
         <name>.debug_info</name>
         <load_address>0x6b16</load_address>
         <run_address>0x6b16</run_address>
         <size>0x10b</size>
         <input_file_ref idref="fl-e8"/>
      </object_component>
      <object_component id="oc-5a">
         <name>.debug_info</name>
         <load_address>0x6c21</load_address>
         <run_address>0x6c21</run_address>
         <size>0x1a9</size>
         <input_file_ref idref="fl-e8"/>
      </object_component>
      <object_component id="oc-130">
         <name>.debug_info</name>
         <load_address>0x6dca</load_address>
         <run_address>0x6dca</run_address>
         <size>0x4b3</size>
         <input_file_ref idref="fl-eb"/>
      </object_component>
      <object_component id="oc-d7">
         <name>.debug_info</name>
         <load_address>0x727d</load_address>
         <run_address>0x727d</run_address>
         <size>0x1a6</size>
         <input_file_ref idref="fl-eb"/>
      </object_component>
      <object_component id="oc-17a">
         <name>.debug_info</name>
         <load_address>0x7423</load_address>
         <run_address>0x7423</run_address>
         <size>0x39</size>
         <input_file_ref idref="fl-eb"/>
      </object_component>
      <object_component id="oc-19f">
         <name>.debug_info</name>
         <load_address>0x745c</load_address>
         <run_address>0x745c</run_address>
         <size>0x39</size>
         <input_file_ref idref="fl-eb"/>
      </object_component>
      <object_component id="oc-17f">
         <name>.debug_info</name>
         <load_address>0x7495</load_address>
         <run_address>0x7495</run_address>
         <size>0x39</size>
         <input_file_ref idref="fl-eb"/>
      </object_component>
      <object_component id="oc-184">
         <name>.debug_info</name>
         <load_address>0x74ce</load_address>
         <run_address>0x74ce</run_address>
         <size>0xcd</size>
         <input_file_ref idref="fl-eb"/>
      </object_component>
      <object_component id="oc-96">
         <name>.debug_info</name>
         <load_address>0x759b</load_address>
         <run_address>0x759b</run_address>
         <size>0x153</size>
         <input_file_ref idref="fl-ec"/>
      </object_component>
      <object_component id="oc-cb">
         <name>.debug_info</name>
         <load_address>0x76ee</load_address>
         <run_address>0x76ee</run_address>
         <size>0x122</size>
         <input_file_ref idref="fl-ee"/>
      </object_component>
      <object_component id="oc-1d9">
         <name>.debug_info</name>
         <load_address>0x7810</load_address>
         <run_address>0x7810</run_address>
         <size>0xc5</size>
      </object_component>
      <object_component id="oc-109">
         <name>.debug_line</name>
         <load_address>0x0</load_address>
         <run_address>0x0</run_address>
         <size>0x37</size>
         <input_file_ref idref="fl-2"/>
      </object_component>
      <object_component id="oc-9f">
         <name>.debug_line</name>
         <load_address>0x37</load_address>
         <run_address>0x37</run_address>
         <size>0x45</size>
         <input_file_ref idref="fl-2"/>
      </object_component>
      <object_component id="oc-73">
         <name>.debug_line</name>
         <load_address>0x7c</load_address>
         <run_address>0x7c</run_address>
         <size>0x7a</size>
         <input_file_ref idref="fl-2"/>
      </object_component>
      <object_component id="oc-39">
         <name>.debug_line</name>
         <load_address>0xf6</load_address>
         <run_address>0xf6</run_address>
         <size>0x20</size>
         <input_file_ref idref="fl-2"/>
      </object_component>
      <object_component id="oc-b0">
         <name>.debug_line</name>
         <load_address>0x116</load_address>
         <run_address>0x116</run_address>
         <size>0x7e</size>
         <input_file_ref idref="fl-2"/>
      </object_component>
      <object_component id="oc-11d">
         <name>.debug_line</name>
         <load_address>0x194</load_address>
         <run_address>0x194</run_address>
         <size>0x7a</size>
         <input_file_ref idref="fl-2"/>
      </object_component>
      <object_component id="oc-78">
         <name>.debug_line</name>
         <load_address>0x20e</load_address>
         <run_address>0x20e</run_address>
         <size>0x7b</size>
         <input_file_ref idref="fl-2"/>
      </object_component>
      <object_component id="oc-6f">
         <name>.debug_line</name>
         <load_address>0x289</load_address>
         <run_address>0x289</run_address>
         <size>0x41</size>
         <input_file_ref idref="fl-3"/>
      </object_component>
      <object_component id="oc-2e">
         <name>.debug_line</name>
         <load_address>0x2ca</load_address>
         <run_address>0x2ca</run_address>
         <size>0x41</size>
         <input_file_ref idref="fl-3"/>
      </object_component>
      <object_component id="oc-2b">
         <name>.debug_line</name>
         <load_address>0x30b</load_address>
         <run_address>0x30b</run_address>
         <size>0xa1</size>
         <input_file_ref idref="fl-3"/>
      </object_component>
      <object_component id="oc-123">
         <name>.debug_line</name>
         <load_address>0x3ac</load_address>
         <run_address>0x3ac</run_address>
         <size>0x20</size>
         <input_file_ref idref="fl-4"/>
      </object_component>
      <object_component id="oc-14d">
         <name>.debug_line</name>
         <load_address>0x3cc</load_address>
         <run_address>0x3cc</run_address>
         <size>0xd9</size>
         <input_file_ref idref="fl-b"/>
      </object_component>
      <object_component id="oc-169">
         <name>.debug_line</name>
         <load_address>0x4a5</load_address>
         <run_address>0x4a5</run_address>
         <size>0x88</size>
         <input_file_ref idref="fl-14"/>
      </object_component>
      <object_component id="oc-146">
         <name>.debug_line</name>
         <load_address>0x52d</load_address>
         <run_address>0x52d</run_address>
         <size>0x37</size>
         <input_file_ref idref="fl-14"/>
      </object_component>
      <object_component id="oc-148">
         <name>.debug_line</name>
         <load_address>0x564</load_address>
         <run_address>0x564</run_address>
         <size>0x37</size>
         <input_file_ref idref="fl-14"/>
      </object_component>
      <object_component id="oc-167">
         <name>.debug_line</name>
         <load_address>0x59b</load_address>
         <run_address>0x59b</run_address>
         <size>0x37</size>
         <input_file_ref idref="fl-14"/>
      </object_component>
      <object_component id="oc-c7">
         <name>.debug_line</name>
         <load_address>0x5d2</load_address>
         <run_address>0x5d2</run_address>
         <size>0x62d</size>
         <input_file_ref idref="fl-14"/>
      </object_component>
      <object_component id="oc-19b">
         <name>.debug_line</name>
         <load_address>0xbff</load_address>
         <run_address>0xbff</run_address>
         <size>0x82</size>
         <input_file_ref idref="fl-17"/>
      </object_component>
      <object_component id="oc-18f">
         <name>.debug_line</name>
         <load_address>0xc81</load_address>
         <run_address>0xc81</run_address>
         <size>0x3c</size>
         <input_file_ref idref="fl-17"/>
      </object_component>
      <object_component id="oc-191">
         <name>.debug_line</name>
         <load_address>0xcbd</load_address>
         <run_address>0xcbd</run_address>
         <size>0x3c</size>
         <input_file_ref idref="fl-17"/>
      </object_component>
      <object_component id="oc-193">
         <name>.debug_line</name>
         <load_address>0xcf9</load_address>
         <run_address>0xcf9</run_address>
         <size>0x3c</size>
         <input_file_ref idref="fl-17"/>
      </object_component>
      <object_component id="oc-195">
         <name>.debug_line</name>
         <load_address>0xd35</load_address>
         <run_address>0xd35</run_address>
         <size>0x3c</size>
         <input_file_ref idref="fl-17"/>
      </object_component>
      <object_component id="oc-197">
         <name>.debug_line</name>
         <load_address>0xd71</load_address>
         <run_address>0xd71</run_address>
         <size>0x3c</size>
         <input_file_ref idref="fl-17"/>
      </object_component>
      <object_component id="oc-199">
         <name>.debug_line</name>
         <load_address>0xdad</load_address>
         <run_address>0xdad</run_address>
         <size>0x3c</size>
         <input_file_ref idref="fl-17"/>
      </object_component>
      <object_component id="oc-18d">
         <name>.debug_line</name>
         <load_address>0xde9</load_address>
         <run_address>0xde9</run_address>
         <size>0x3c</size>
         <input_file_ref idref="fl-17"/>
      </object_component>
      <object_component id="oc-114">
         <name>.debug_line</name>
         <load_address>0xe25</load_address>
         <run_address>0xe25</run_address>
         <size>0x2ba</size>
         <input_file_ref idref="fl-17"/>
      </object_component>
      <object_component id="oc-c0">
         <name>.debug_line</name>
         <load_address>0x10df</load_address>
         <run_address>0x10df</run_address>
         <size>0x92</size>
         <input_file_ref idref="fl-e5"/>
      </object_component>
      <object_component id="oc-49">
         <name>.debug_line</name>
         <load_address>0x1171</load_address>
         <run_address>0x1171</run_address>
         <size>0x56</size>
         <input_file_ref idref="fl-e5"/>
      </object_component>
      <object_component id="oc-8c">
         <name>.debug_line</name>
         <load_address>0x11c7</load_address>
         <run_address>0x11c7</run_address>
         <size>0x34</size>
         <input_file_ref idref="fl-e5"/>
      </object_component>
      <object_component id="oc-bd">
         <name>.debug_line</name>
         <load_address>0x11fb</load_address>
         <run_address>0x11fb</run_address>
         <size>0x92</size>
         <input_file_ref idref="fl-e5"/>
      </object_component>
      <object_component id="oc-6c">
         <name>.debug_line</name>
         <load_address>0x128d</load_address>
         <run_address>0x128d</run_address>
         <size>0x33</size>
         <input_file_ref idref="fl-e8"/>
      </object_component>
      <object_component id="oc-5d">
         <name>.debug_line</name>
         <load_address>0x12c0</load_address>
         <run_address>0x12c0</run_address>
         <size>0x45</size>
         <input_file_ref idref="fl-e8"/>
      </object_component>
      <object_component id="oc-179">
         <name>.debug_line</name>
         <load_address>0x1305</load_address>
         <run_address>0x1305</run_address>
         <size>0xbf</size>
         <input_file_ref idref="fl-eb"/>
      </object_component>
      <object_component id="oc-da">
         <name>.debug_line</name>
         <load_address>0x13c4</load_address>
         <run_address>0x13c4</run_address>
         <size>0x6f</size>
         <input_file_ref idref="fl-eb"/>
      </object_component>
      <object_component id="oc-17d">
         <name>.debug_line</name>
         <load_address>0x1433</load_address>
         <run_address>0x1433</run_address>
         <size>0x2e</size>
         <input_file_ref idref="fl-eb"/>
      </object_component>
      <object_component id="oc-1a2">
         <name>.debug_line</name>
         <load_address>0x1461</load_address>
         <run_address>0x1461</run_address>
         <size>0x9a</size>
         <input_file_ref idref="fl-eb"/>
      </object_component>
      <object_component id="oc-182">
         <name>.debug_line</name>
         <load_address>0x14fb</load_address>
         <run_address>0x14fb</run_address>
         <size>0x97</size>
         <input_file_ref idref="fl-eb"/>
      </object_component>
      <object_component id="oc-187">
         <name>.debug_line</name>
         <load_address>0x1592</load_address>
         <run_address>0x1592</run_address>
         <size>0x93</size>
         <input_file_ref idref="fl-eb"/>
      </object_component>
      <object_component id="oc-99">
         <name>.debug_line</name>
         <load_address>0x1625</load_address>
         <run_address>0x1625</run_address>
         <size>0x40</size>
         <input_file_ref idref="fl-ec"/>
      </object_component>
      <object_component id="oc-ce">
         <name>.debug_line</name>
         <load_address>0x1665</load_address>
         <run_address>0x1665</run_address>
         <size>0x3c</size>
         <input_file_ref idref="fl-ee"/>
      </object_component>
      <object_component id="oc-a0">
         <name>.debug_frame</name>
         <load_address>0x0</load_address>
         <run_address>0x0</run_address>
         <size>0x58</size>
         <input_file_ref idref="fl-2"/>
      </object_component>
      <object_component id="oc-2c">
         <name>.debug_frame</name>
         <load_address>0x58</load_address>
         <run_address>0x58</run_address>
         <size>0x90</size>
         <input_file_ref idref="fl-3"/>
      </object_component>
      <object_component id="oc-14e">
         <name>.debug_frame</name>
         <load_address>0xe8</load_address>
         <run_address>0xe8</run_address>
         <size>0xbc</size>
         <input_file_ref idref="fl-b"/>
      </object_component>
      <object_component id="oc-c8">
         <name>.debug_frame</name>
         <load_address>0x1a4</load_address>
         <run_address>0x1a4</run_address>
         <size>0x564</size>
         <input_file_ref idref="fl-14"/>
      </object_component>
      <object_component id="oc-115">
         <name>.debug_frame</name>
         <load_address>0x708</load_address>
         <run_address>0x708</run_address>
         <size>0x1d4</size>
         <input_file_ref idref="fl-17"/>
      </object_component>
      <object_component id="oc-4a">
         <name>.debug_frame</name>
         <load_address>0x8dc</load_address>
         <run_address>0x8dc</run_address>
         <size>0x54</size>
         <input_file_ref idref="fl-e5"/>
      </object_component>
      <object_component id="oc-5e">
         <name>.debug_frame</name>
         <load_address>0x930</load_address>
         <run_address>0x930</run_address>
         <size>0x50</size>
         <input_file_ref idref="fl-e8"/>
      </object_component>
      <object_component id="oc-db">
         <name>.debug_frame</name>
         <load_address>0x980</load_address>
         <run_address>0x980</run_address>
         <size>0x5c</size>
         <input_file_ref idref="fl-eb"/>
      </object_component>
      <object_component id="oc-9a">
         <name>.debug_frame</name>
         <load_address>0x9dc</load_address>
         <run_address>0x9dc</run_address>
         <size>0x54</size>
         <input_file_ref idref="fl-ec"/>
      </object_component>
      <object_component id="oc-cf">
         <name>.debug_frame</name>
         <load_address>0xa30</load_address>
         <run_address>0xa30</run_address>
         <size>0x54</size>
         <input_file_ref idref="fl-ee"/>
      </object_component>
      <object_component id="oc-108">
         <name>.debug_abbrev</name>
         <load_address>0x0</load_address>
         <run_address>0x0</run_address>
         <size>0x81</size>
         <input_file_ref idref="fl-2"/>
      </object_component>
      <object_component id="oc-c9">
         <name>.debug_abbrev</name>
         <load_address>0x81</load_address>
         <run_address>0x81</run_address>
         <size>0x60</size>
         <input_file_ref idref="fl-2"/>
      </object_component>
      <object_component id="oc-72">
         <name>.debug_abbrev</name>
         <load_address>0xe1</load_address>
         <run_address>0xe1</run_address>
         <size>0x69</size>
         <input_file_ref idref="fl-2"/>
      </object_component>
      <object_component id="oc-38">
         <name>.debug_abbrev</name>
         <load_address>0x14a</load_address>
         <run_address>0x14a</run_address>
         <size>0x1f</size>
         <input_file_ref idref="fl-2"/>
      </object_component>
      <object_component id="oc-af">
         <name>.debug_abbrev</name>
         <load_address>0x169</load_address>
         <run_address>0x169</run_address>
         <size>0x5c</size>
         <input_file_ref idref="fl-2"/>
      </object_component>
      <object_component id="oc-11c">
         <name>.debug_abbrev</name>
         <load_address>0x1c5</load_address>
         <run_address>0x1c5</run_address>
         <size>0x24</size>
         <input_file_ref idref="fl-2"/>
      </object_component>
      <object_component id="oc-77">
         <name>.debug_abbrev</name>
         <load_address>0x1e9</load_address>
         <run_address>0x1e9</run_address>
         <size>0x24</size>
         <input_file_ref idref="fl-2"/>
      </object_component>
      <object_component id="oc-6e">
         <name>.debug_abbrev</name>
         <load_address>0x20d</load_address>
         <run_address>0x20d</run_address>
         <size>0x68</size>
         <input_file_ref idref="fl-3"/>
      </object_component>
      <object_component id="oc-2d">
         <name>.debug_abbrev</name>
         <load_address>0x275</load_address>
         <run_address>0x275</run_address>
         <size>0x29</size>
         <input_file_ref idref="fl-3"/>
      </object_component>
      <object_component id="oc-6d">
         <name>.debug_abbrev</name>
         <load_address>0x29e</load_address>
         <run_address>0x29e</run_address>
         <size>0x79</size>
         <input_file_ref idref="fl-3"/>
      </object_component>
      <object_component id="oc-122">
         <name>.debug_abbrev</name>
         <load_address>0x317</load_address>
         <run_address>0x317</run_address>
         <size>0x1f</size>
         <input_file_ref idref="fl-4"/>
      </object_component>
      <object_component id="oc-18b">
         <name>.debug_abbrev</name>
         <load_address>0x336</load_address>
         <run_address>0x336</run_address>
         <size>0xca</size>
         <input_file_ref idref="fl-b"/>
      </object_component>
      <object_component id="oc-168">
         <name>.debug_abbrev</name>
         <load_address>0x400</load_address>
         <run_address>0x400</run_address>
         <size>0x76</size>
         <input_file_ref idref="fl-14"/>
      </object_component>
      <object_component id="oc-145">
         <name>.debug_abbrev</name>
         <load_address>0x476</load_address>
         <run_address>0x476</run_address>
         <size>0x27</size>
         <input_file_ref idref="fl-14"/>
      </object_component>
      <object_component id="oc-147">
         <name>.debug_abbrev</name>
         <load_address>0x49d</load_address>
         <run_address>0x49d</run_address>
         <size>0x27</size>
         <input_file_ref idref="fl-14"/>
      </object_component>
      <object_component id="oc-166">
         <name>.debug_abbrev</name>
         <load_address>0x4c4</load_address>
         <run_address>0x4c4</run_address>
         <size>0x27</size>
         <input_file_ref idref="fl-14"/>
      </object_component>
      <object_component id="oc-119">
         <name>.debug_abbrev</name>
         <load_address>0x4eb</load_address>
         <run_address>0x4eb</run_address>
         <size>0xd6</size>
         <input_file_ref idref="fl-14"/>
      </object_component>
      <object_component id="oc-19a">
         <name>.debug_abbrev</name>
         <load_address>0x5c1</load_address>
         <run_address>0x5c1</run_address>
         <size>0x92</size>
         <input_file_ref idref="fl-17"/>
      </object_component>
      <object_component id="oc-18e">
         <name>.debug_abbrev</name>
         <load_address>0x653</load_address>
         <run_address>0x653</run_address>
         <size>0x27</size>
         <input_file_ref idref="fl-17"/>
      </object_component>
      <object_component id="oc-190">
         <name>.debug_abbrev</name>
         <load_address>0x67a</load_address>
         <run_address>0x67a</run_address>
         <size>0x27</size>
         <input_file_ref idref="fl-17"/>
      </object_component>
      <object_component id="oc-192">
         <name>.debug_abbrev</name>
         <load_address>0x6a1</load_address>
         <run_address>0x6a1</run_address>
         <size>0x27</size>
         <input_file_ref idref="fl-17"/>
      </object_component>
      <object_component id="oc-194">
         <name>.debug_abbrev</name>
         <load_address>0x6c8</load_address>
         <run_address>0x6c8</run_address>
         <size>0x27</size>
         <input_file_ref idref="fl-17"/>
      </object_component>
      <object_component id="oc-196">
         <name>.debug_abbrev</name>
         <load_address>0x6ef</load_address>
         <run_address>0x6ef</run_address>
         <size>0x27</size>
         <input_file_ref idref="fl-17"/>
      </object_component>
      <object_component id="oc-198">
         <name>.debug_abbrev</name>
         <load_address>0x716</load_address>
         <run_address>0x716</run_address>
         <size>0x27</size>
         <input_file_ref idref="fl-17"/>
      </object_component>
      <object_component id="oc-18c">
         <name>.debug_abbrev</name>
         <load_address>0x73d</load_address>
         <run_address>0x73d</run_address>
         <size>0x29</size>
         <input_file_ref idref="fl-17"/>
      </object_component>
      <object_component id="oc-164">
         <name>.debug_abbrev</name>
         <load_address>0x766</load_address>
         <run_address>0x766</run_address>
         <size>0x101</size>
         <input_file_ref idref="fl-17"/>
      </object_component>
      <object_component id="oc-bf">
         <name>.debug_abbrev</name>
         <load_address>0x867</load_address>
         <run_address>0x867</run_address>
         <size>0x5d</size>
         <input_file_ref idref="fl-e5"/>
      </object_component>
      <object_component id="oc-88">
         <name>.debug_abbrev</name>
         <load_address>0x8c4</load_address>
         <run_address>0x8c4</run_address>
         <size>0x6f</size>
         <input_file_ref idref="fl-e5"/>
      </object_component>
      <object_component id="oc-8b">
         <name>.debug_abbrev</name>
         <load_address>0x933</load_address>
         <run_address>0x933</run_address>
         <size>0x24</size>
         <input_file_ref idref="fl-e5"/>
      </object_component>
      <object_component id="oc-bc">
         <name>.debug_abbrev</name>
         <load_address>0x957</load_address>
         <run_address>0x957</run_address>
         <size>0x24</size>
         <input_file_ref idref="fl-e5"/>
      </object_component>
      <object_component id="oc-6b">
         <name>.debug_abbrev</name>
         <load_address>0x97b</load_address>
         <run_address>0x97b</run_address>
         <size>0x29</size>
         <input_file_ref idref="fl-e8"/>
      </object_component>
      <object_component id="oc-a4">
         <name>.debug_abbrev</name>
         <load_address>0x9a4</load_address>
         <run_address>0x9a4</run_address>
         <size>0x55</size>
         <input_file_ref idref="fl-e8"/>
      </object_component>
      <object_component id="oc-178">
         <name>.debug_abbrev</name>
         <load_address>0x9f9</load_address>
         <run_address>0x9f9</run_address>
         <size>0xc0</size>
         <input_file_ref idref="fl-eb"/>
      </object_component>
      <object_component id="oc-12f">
         <name>.debug_abbrev</name>
         <load_address>0xab9</load_address>
         <run_address>0xab9</run_address>
         <size>0x7e</size>
         <input_file_ref idref="fl-eb"/>
      </object_component>
      <object_component id="oc-17c">
         <name>.debug_abbrev</name>
         <load_address>0xb37</load_address>
         <run_address>0xb37</run_address>
         <size>0x24</size>
         <input_file_ref idref="fl-eb"/>
      </object_component>
      <object_component id="oc-1a1">
         <name>.debug_abbrev</name>
         <load_address>0xb5b</load_address>
         <run_address>0xb5b</run_address>
         <size>0x24</size>
         <input_file_ref idref="fl-eb"/>
      </object_component>
      <object_component id="oc-181">
         <name>.debug_abbrev</name>
         <load_address>0xb7f</load_address>
         <run_address>0xb7f</run_address>
         <size>0x24</size>
         <input_file_ref idref="fl-eb"/>
      </object_component>
      <object_component id="oc-186">
         <name>.debug_abbrev</name>
         <load_address>0xba3</load_address>
         <run_address>0xba3</run_address>
         <size>0x4b</size>
         <input_file_ref idref="fl-eb"/>
      </object_component>
      <object_component id="oc-c2">
         <name>.debug_abbrev</name>
         <load_address>0xbee</load_address>
         <run_address>0xbee</run_address>
         <size>0x55</size>
         <input_file_ref idref="fl-ec"/>
      </object_component>
      <object_component id="oc-125">
         <name>.debug_abbrev</name>
         <load_address>0xc43</load_address>
         <run_address>0xc43</run_address>
         <size>0x45</size>
         <input_file_ref idref="fl-ee"/>
      </object_component>
      <object_component id="oc-1da">
         <name>.debug_abbrev</name>
         <load_address>0xc88</load_address>
         <run_address>0xc88</run_address>
         <size>0xf</size>
      </object_component>
      <object_component id="oc-74">
         <name>.debug_str</name>
         <load_address>0x0</load_address>
         <run_address>0x0</run_address>
         <size>0x2e1</size>
         <input_file_ref idref="fl-2"/>
      </object_component>
      <object_component id="oc-3a">
         <name>.debug_str</name>
         <load_address>0x2e1</load_address>
         <run_address>0x2e1</run_address>
         <size>0xff</size>
         <input_file_ref idref="fl-2"/>
      </object_component>
      <object_component id="oc-b1">
         <name>.debug_str</name>
         <load_address>0x3e0</load_address>
         <run_address>0x3e0</run_address>
         <size>0x377</size>
         <input_file_ref idref="fl-2"/>
      </object_component>
      <object_component id="oc-11e">
         <name>.debug_str</name>
         <load_address>0x757</load_address>
         <run_address>0x757</run_address>
         <size>0x1ec</size>
         <input_file_ref idref="fl-2"/>
      </object_component>
      <object_component id="oc-79">
         <name>.debug_str</name>
         <load_address>0x943</load_address>
         <run_address>0x943</run_address>
         <size>0x179</size>
         <input_file_ref idref="fl-2"/>
      </object_component>
      <object_component id="oc-124">
         <name>.debug_str</name>
         <load_address>0xabc</load_address>
         <run_address>0xabc</run_address>
         <size>0xff</size>
         <input_file_ref idref="fl-4"/>
      </object_component>
      <object_component id="oc-8d">
         <name>.debug_str</name>
         <load_address>0xbbb</load_address>
         <run_address>0xbbb</run_address>
         <size>0x105</size>
         <input_file_ref idref="fl-e5"/>
      </object_component>
      <object_component id="oc-be">
         <name>.debug_str</name>
         <load_address>0xcc0</load_address>
         <run_address>0xcc0</run_address>
         <size>0x140</size>
         <input_file_ref idref="fl-e5"/>
      </object_component>
      <object_component id="oc-17e">
         <name>.debug_str</name>
         <load_address>0xe00</load_address>
         <run_address>0xe00</run_address>
         <size>0xed</size>
         <input_file_ref idref="fl-eb"/>
      </object_component>
      <object_component id="oc-1a3">
         <name>.debug_str</name>
         <load_address>0xeed</load_address>
         <run_address>0xeed</run_address>
         <size>0x157</size>
         <input_file_ref idref="fl-eb"/>
      </object_component>
      <object_component id="oc-183">
         <name>.debug_str</name>
         <load_address>0x1044</load_address>
         <run_address>0x1044</run_address>
         <size>0x150</size>
         <input_file_ref idref="fl-eb"/>
      </object_component>
      <object_component id="oc-188">
         <name>.debug_str</name>
         <load_address>0x1194</load_address>
         <run_address>0x1194</run_address>
         <size>0x197</size>
         <input_file_ref idref="fl-eb"/>
      </object_component>
      <object_component id="oc-9d">
         <name>.debug_aranges</name>
         <load_address>0x0</load_address>
         <run_address>0x0</run_address>
         <size>0x20</size>
         <input_file_ref idref="fl-2"/>
      </object_component>
      <object_component id="oc-29">
         <name>.debug_aranges</name>
         <load_address>0x20</load_address>
         <run_address>0x20</run_address>
         <size>0x38</size>
         <input_file_ref idref="fl-3"/>
      </object_component>
      <object_component id="oc-14b">
         <name>.debug_aranges</name>
         <load_address>0x58</load_address>
         <run_address>0x58</run_address>
         <size>0x48</size>
         <input_file_ref idref="fl-b"/>
      </object_component>
      <object_component id="oc-c5">
         <name>.debug_aranges</name>
         <load_address>0xa0</load_address>
         <run_address>0xa0</run_address>
         <size>0x1a0</size>
         <input_file_ref idref="fl-14"/>
      </object_component>
      <object_component id="oc-112">
         <name>.debug_aranges</name>
         <load_address>0x240</load_address>
         <run_address>0x240</run_address>
         <size>0xa0</size>
         <input_file_ref idref="fl-17"/>
      </object_component>
      <object_component id="oc-48">
         <name>.debug_aranges</name>
         <load_address>0x2e0</load_address>
         <run_address>0x2e0</run_address>
         <size>0x20</size>
         <input_file_ref idref="fl-e5"/>
      </object_component>
      <object_component id="oc-5b">
         <name>.debug_aranges</name>
         <load_address>0x300</load_address>
         <run_address>0x300</run_address>
         <size>0x20</size>
         <input_file_ref idref="fl-e8"/>
      </object_component>
      <object_component id="oc-d8">
         <name>.debug_aranges</name>
         <load_address>0x320</load_address>
         <run_address>0x320</run_address>
         <size>0x20</size>
         <input_file_ref idref="fl-eb"/>
      </object_component>
      <object_component id="oc-97">
         <name>.debug_aranges</name>
         <load_address>0x340</load_address>
         <run_address>0x340</run_address>
         <size>0x20</size>
         <input_file_ref idref="fl-ec"/>
      </object_component>
      <object_component id="oc-cc">
         <name>.debug_aranges</name>
         <load_address>0x360</load_address>
         <run_address>0x360</run_address>
         <size>0x20</size>
         <input_file_ref idref="fl-ee"/>
      </object_component>
      <object_component id="oc-9e">
         <name>.debug_pubnames</name>
         <load_address>0x0</load_address>
         <run_address>0x0</run_address>
         <size>0x1b</size>
         <input_file_ref idref="fl-2"/>
      </object_component>
      <object_component id="oc-14">
         <name>.debug_pubnames</name>
         <load_address>0x1b</load_address>
         <run_address>0x1b</run_address>
         <size>0x23</size>
         <input_file_ref idref="fl-3"/>
      </object_component>
      <object_component id="oc-2a">
         <name>.debug_pubnames</name>
         <load_address>0x3e</load_address>
         <run_address>0x3e</run_address>
         <size>0x4c</size>
         <input_file_ref idref="fl-3"/>
      </object_component>
      <object_component id="oc-14c">
         <name>.debug_pubnames</name>
         <load_address>0x8a</load_address>
         <run_address>0x8a</run_address>
         <size>0x6a</size>
         <input_file_ref idref="fl-b"/>
      </object_component>
      <object_component id="oc-10c">
         <name>.debug_pubnames</name>
         <load_address>0xf4</load_address>
         <run_address>0xf4</run_address>
         <size>0x31</size>
         <input_file_ref idref="fl-14"/>
      </object_component>
      <object_component id="oc-10f">
         <name>.debug_pubnames</name>
         <load_address>0x125</load_address>
         <run_address>0x125</run_address>
         <size>0x32</size>
         <input_file_ref idref="fl-14"/>
      </object_component>
      <object_component id="oc-118">
         <name>.debug_pubnames</name>
         <load_address>0x157</load_address>
         <run_address>0x157</run_address>
         <size>0x2b</size>
         <input_file_ref idref="fl-14"/>
      </object_component>
      <object_component id="oc-c6">
         <name>.debug_pubnames</name>
         <load_address>0x182</load_address>
         <run_address>0x182</run_address>
         <size>0x44c</size>
         <input_file_ref idref="fl-14"/>
      </object_component>
      <object_component id="oc-154">
         <name>.debug_pubnames</name>
         <load_address>0x5ce</load_address>
         <run_address>0x5ce</run_address>
         <size>0x26</size>
         <input_file_ref idref="fl-17"/>
      </object_component>
      <object_component id="oc-157">
         <name>.debug_pubnames</name>
         <load_address>0x5f4</load_address>
         <run_address>0x5f4</run_address>
         <size>0x22</size>
         <input_file_ref idref="fl-17"/>
      </object_component>
      <object_component id="oc-15a">
         <name>.debug_pubnames</name>
         <load_address>0x616</load_address>
         <run_address>0x616</run_address>
         <size>0x24</size>
         <input_file_ref idref="fl-17"/>
      </object_component>
      <object_component id="oc-15d">
         <name>.debug_pubnames</name>
         <load_address>0x63a</load_address>
         <run_address>0x63a</run_address>
         <size>0x27</size>
         <input_file_ref idref="fl-17"/>
      </object_component>
      <object_component id="oc-160">
         <name>.debug_pubnames</name>
         <load_address>0x661</load_address>
         <run_address>0x661</run_address>
         <size>0x26</size>
         <input_file_ref idref="fl-17"/>
      </object_component>
      <object_component id="oc-163">
         <name>.debug_pubnames</name>
         <load_address>0x687</load_address>
         <run_address>0x687</run_address>
         <size>0x28</size>
         <input_file_ref idref="fl-17"/>
      </object_component>
      <object_component id="oc-151">
         <name>.debug_pubnames</name>
         <load_address>0x6af</load_address>
         <run_address>0x6af</run_address>
         <size>0x26</size>
         <input_file_ref idref="fl-17"/>
      </object_component>
      <object_component id="oc-113">
         <name>.debug_pubnames</name>
         <load_address>0x6d5</load_address>
         <run_address>0x6d5</run_address>
         <size>0x15b</size>
         <input_file_ref idref="fl-17"/>
      </object_component>
      <object_component id="oc-4c">
         <name>.debug_pubnames</name>
         <load_address>0x830</load_address>
         <run_address>0x830</run_address>
         <size>0x2e</size>
         <input_file_ref idref="fl-e5"/>
      </object_component>
      <object_component id="oc-26">
         <name>.debug_pubnames</name>
         <load_address>0x85e</load_address>
         <run_address>0x85e</run_address>
         <size>0x1e</size>
         <input_file_ref idref="fl-e8"/>
      </object_component>
      <object_component id="oc-5c">
         <name>.debug_pubnames</name>
         <load_address>0x87c</load_address>
         <run_address>0x87c</run_address>
         <size>0x26</size>
         <input_file_ref idref="fl-e8"/>
      </object_component>
      <object_component id="oc-d9">
         <name>.debug_pubnames</name>
         <load_address>0x8a2</load_address>
         <run_address>0x8a2</run_address>
         <size>0x35</size>
         <input_file_ref idref="fl-eb"/>
      </object_component>
      <object_component id="oc-98">
         <name>.debug_pubnames</name>
         <load_address>0x8d7</load_address>
         <run_address>0x8d7</run_address>
         <size>0x27</size>
         <input_file_ref idref="fl-ec"/>
      </object_component>
      <object_component id="oc-cd">
         <name>.debug_pubnames</name>
         <load_address>0x8fe</load_address>
         <run_address>0x8fe</run_address>
         <size>0x1c</size>
         <input_file_ref idref="fl-ee"/>
      </object_component>
      <object_component id="oc-71">
         <name>.debug_pubtypes</name>
         <load_address>0x0</load_address>
         <run_address>0x0</run_address>
         <size>0x25c</size>
         <input_file_ref idref="fl-2"/>
      </object_component>
      <object_component id="oc-37">
         <name>.debug_pubtypes</name>
         <load_address>0x25c</load_address>
         <run_address>0x25c</run_address>
         <size>0xed</size>
         <input_file_ref idref="fl-2"/>
      </object_component>
      <object_component id="oc-ae">
         <name>.debug_pubtypes</name>
         <load_address>0x349</load_address>
         <run_address>0x349</run_address>
         <size>0x330</size>
         <input_file_ref idref="fl-2"/>
      </object_component>
      <object_component id="oc-11b">
         <name>.debug_pubtypes</name>
         <load_address>0x679</load_address>
         <run_address>0x679</run_address>
         <size>0x12e</size>
         <input_file_ref idref="fl-2"/>
      </object_component>
      <object_component id="oc-76">
         <name>.debug_pubtypes</name>
         <load_address>0x7a7</load_address>
         <run_address>0x7a7</run_address>
         <size>0xaa</size>
         <input_file_ref idref="fl-2"/>
      </object_component>
      <object_component id="oc-121">
         <name>.debug_pubtypes</name>
         <load_address>0x851</load_address>
         <run_address>0x851</run_address>
         <size>0xff</size>
         <input_file_ref idref="fl-4"/>
      </object_component>
      <object_component id="oc-8a">
         <name>.debug_pubtypes</name>
         <load_address>0x950</load_address>
         <run_address>0x950</run_address>
         <size>0x48</size>
         <input_file_ref idref="fl-e5"/>
      </object_component>
      <object_component id="oc-bb">
         <name>.debug_pubtypes</name>
         <load_address>0x998</load_address>
         <run_address>0x998</run_address>
         <size>0x1d</size>
         <input_file_ref idref="fl-e5"/>
      </object_component>
      <object_component id="oc-17b">
         <name>.debug_pubtypes</name>
         <load_address>0x9b5</load_address>
         <run_address>0x9b5</run_address>
         <size>0x32</size>
         <input_file_ref idref="fl-eb"/>
      </object_component>
      <object_component id="oc-1a0">
         <name>.debug_pubtypes</name>
         <load_address>0x9e7</load_address>
         <run_address>0x9e7</run_address>
         <size>0x30</size>
         <input_file_ref idref="fl-eb"/>
      </object_component>
      <object_component id="oc-180">
         <name>.debug_pubtypes</name>
         <load_address>0xa17</load_address>
         <run_address>0xa17</run_address>
         <size>0x2c</size>
         <input_file_ref idref="fl-eb"/>
      </object_component>
      <object_component id="oc-185">
         <name>.debug_pubtypes</name>
         <load_address>0xa43</load_address>
         <run_address>0xa43</run_address>
         <size>0x50</size>
         <input_file_ref idref="fl-eb"/>
      </object_component>
   </object_component_list>
   <logical_group_list>
      <logical_group id="lg-3" display="no" color="cyan">
         <name>.intvecs</name>
         <load_address>0x0</load_address>
         <run_address>0x0</run_address>
         <size>0x26c</size>
         <contents>
            <object_component_ref idref="oc-12"/>
         </contents>
      </logical_group>
      <logical_group id="lg-4" display="no" color="cyan">
         <name>.text</name>
         <load_address>0x26c</load_address>
         <run_address>0x26c</run_address>
         <size>0x104c</size>
         <contents>
            <object_component_ref idref="oc-c3"/>
            <object_component_ref idref="oc-110"/>
            <object_component_ref idref="oc-d6"/>
            <object_component_ref idref="oc-149"/>
            <object_component_ref idref="oc-59"/>
            <object_component_ref idref="oc-47"/>
            <object_component_ref idref="oc-9b"/>
            <object_component_ref idref="oc-27"/>
            <object_component_ref idref="oc-95"/>
            <object_component_ref idref="oc-ca"/>
         </contents>
      </logical_group>
      <logical_group id="lg-5" display="no" color="cyan">
         <name>.const</name>
         <load_address>0x12b8</load_address>
         <run_address>0x12b8</run_address>
         <size>0x334</size>
         <contents>
            <object_component_ref idref="oc-10d"/>
            <object_component_ref idref="oc-10a"/>
            <object_component_ref idref="oc-155"/>
            <object_component_ref idref="oc-116"/>
            <object_component_ref idref="oc-152"/>
            <object_component_ref idref="oc-15b"/>
            <object_component_ref idref="oc-158"/>
            <object_component_ref idref="oc-15e"/>
            <object_component_ref idref="oc-161"/>
         </contents>
      </logical_group>
      <logical_group id="lg-6" display="no" color="cyan">
         <name>.cinit</name>
         <load_address>0x15f0</load_address>
         <run_address>0x15f0</run_address>
         <size>0x14</size>
         <contents>
            <object_component_ref idref="oc-1d6"/>
            <object_component_ref idref="oc-1d4"/>
            <object_component_ref idref="oc-1d5"/>
         </contents>
      </logical_group>
      <logical_group id="lg-7" display="no" color="cyan">
         <name>.pinit</name>
         <run_address>0x0</run_address>
         <size>0x0</size>
         <contents>
         </contents>
      </logical_group>
      <logical_group id="lg-8" display="no" color="cyan">
         <name>.init_array</name>
         <run_address>0x0</run_address>
         <size>0x0</size>
         <contents>
         </contents>
      </logical_group>
      <logical_group id="lg-9" display="no" color="cyan">
         <name>.vtable</name>
         <run_address>0x20000000</run_address>
         <size>0x26c</size>
         <contents>
            <object_component_ref idref="oc-14f"/>
         </contents>
      </logical_group>
      <logical_group id="lg-a" display="no" color="cyan">
         <name>.data</name>
         <run_address>0x0</run_address>
         <size>0x0</size>
         <contents>
         </contents>
      </logical_group>
      <logical_group id="lg-b" display="no" color="cyan">
         <name>.bss</name>
         <run_address>0x0</run_address>
         <size>0x0</size>
         <contents>
         </contents>
      </logical_group>
      <logical_group id="lg-c" display="no" color="cyan">
         <name>.sysmem</name>
         <run_address>0x0</run_address>
         <size>0x0</size>
         <contents>
         </contents>
      </logical_group>
      <logical_group id="lg-d" display="no" color="cyan">
         <name>.stack</name>
         <run_address>0x20000270</run_address>
         <size>0x200</size>
         <contents>
            <object_component_ref idref="oc-24"/>
            <object_component_ref idref="oc-1d8"/>
         </contents>
      </logical_group>
      <logical_group id="lg-1ab" display="no" color="cyan">
         <name>.TI.noinit</name>
         <run_address>0x0</run_address>
         <size>0x0</size>
         <contents>
         </contents>
      </logical_group>
      <logical_group id="lg-1ac" display="no" color="cyan">
         <name>.TI.persistent</name>
         <run_address>0x0</run_address>
         <size>0x0</size>
         <contents>
         </contents>
      </logical_group>
      <logical_group id="lg-1ad" display="no" color="cyan">
         <name>__llvm_prf_cnts</name>
         <run_address>0x20000000</run_address>
         <size>0x0</size>
         <contents>
         </contents>
      </logical_group>
      <logical_group id="lg-1bc" display="never" color="cyan">
         <name>.debug_info</name>
         <load_address>0x0</load_address>
         <run_address>0x0</run_address>
         <size>0x78d5</size>
         <contents>
            <object_component_ref idref="oc-b2"/>
            <object_component_ref idref="oc-9c"/>
            <object_component_ref idref="oc-70"/>
            <object_component_ref idref="oc-36"/>
            <object_component_ref idref="oc-ad"/>
            <object_component_ref idref="oc-11a"/>
            <object_component_ref idref="oc-75"/>
            <object_component_ref idref="oc-2f"/>
            <object_component_ref idref="oc-13"/>
            <object_component_ref idref="oc-28"/>
            <object_component_ref idref="oc-120"/>
            <object_component_ref idref="oc-14a"/>
            <object_component_ref idref="oc-11f"/>
            <object_component_ref idref="oc-10b"/>
            <object_component_ref idref="oc-10e"/>
            <object_component_ref idref="oc-117"/>
            <object_component_ref idref="oc-c4"/>
            <object_component_ref idref="oc-165"/>
            <object_component_ref idref="oc-153"/>
            <object_component_ref idref="oc-156"/>
            <object_component_ref idref="oc-159"/>
            <object_component_ref idref="oc-15c"/>
            <object_component_ref idref="oc-15f"/>
            <object_component_ref idref="oc-162"/>
            <object_component_ref idref="oc-150"/>
            <object_component_ref idref="oc-111"/>
            <object_component_ref idref="oc-8e"/>
            <object_component_ref idref="oc-4b"/>
            <object_component_ref idref="oc-89"/>
            <object_component_ref idref="oc-ba"/>
            <object_component_ref idref="oc-25"/>
            <object_component_ref idref="oc-5a"/>
            <object_component_ref idref="oc-130"/>
            <object_component_ref idref="oc-d7"/>
            <object_component_ref idref="oc-17a"/>
            <object_component_ref idref="oc-19f"/>
            <object_component_ref idref="oc-17f"/>
            <object_component_ref idref="oc-184"/>
            <object_component_ref idref="oc-96"/>
            <object_component_ref idref="oc-cb"/>
            <object_component_ref idref="oc-1d9"/>
         </contents>
      </logical_group>
      <logical_group id="lg-1be" display="never" color="cyan">
         <name>.debug_line</name>
         <load_address>0x0</load_address>
         <run_address>0x0</run_address>
         <size>0x16a1</size>
         <contents>
            <object_component_ref idref="oc-109"/>
            <object_component_ref idref="oc-9f"/>
            <object_component_ref idref="oc-73"/>
            <object_component_ref idref="oc-39"/>
            <object_component_ref idref="oc-b0"/>
            <object_component_ref idref="oc-11d"/>
            <object_component_ref idref="oc-78"/>
            <object_component_ref idref="oc-6f"/>
            <object_component_ref idref="oc-2e"/>
            <object_component_ref idref="oc-2b"/>
            <object_component_ref idref="oc-123"/>
            <object_component_ref idref="oc-14d"/>
            <object_component_ref idref="oc-169"/>
            <object_component_ref idref="oc-146"/>
            <object_component_ref idref="oc-148"/>
            <object_component_ref idref="oc-167"/>
            <object_component_ref idref="oc-c7"/>
            <object_component_ref idref="oc-19b"/>
            <object_component_ref idref="oc-18f"/>
            <object_component_ref idref="oc-191"/>
            <object_component_ref idref="oc-193"/>
            <object_component_ref idref="oc-195"/>
            <object_component_ref idref="oc-197"/>
            <object_component_ref idref="oc-199"/>
            <object_component_ref idref="oc-18d"/>
            <object_component_ref idref="oc-114"/>
            <object_component_ref idref="oc-c0"/>
            <object_component_ref idref="oc-49"/>
            <object_component_ref idref="oc-8c"/>
            <object_component_ref idref="oc-bd"/>
            <object_component_ref idref="oc-6c"/>
            <object_component_ref idref="oc-5d"/>
            <object_component_ref idref="oc-179"/>
            <object_component_ref idref="oc-da"/>
            <object_component_ref idref="oc-17d"/>
            <object_component_ref idref="oc-1a2"/>
            <object_component_ref idref="oc-182"/>
            <object_component_ref idref="oc-187"/>
            <object_component_ref idref="oc-99"/>
            <object_component_ref idref="oc-ce"/>
         </contents>
      </logical_group>
      <logical_group id="lg-1c0" display="never" color="cyan">
         <name>.debug_frame</name>
         <load_address>0x0</load_address>
         <run_address>0x0</run_address>
         <size>0xa84</size>
         <contents>
            <object_component_ref idref="oc-a0"/>
            <object_component_ref idref="oc-2c"/>
            <object_component_ref idref="oc-14e"/>
            <object_component_ref idref="oc-c8"/>
            <object_component_ref idref="oc-115"/>
            <object_component_ref idref="oc-4a"/>
            <object_component_ref idref="oc-5e"/>
            <object_component_ref idref="oc-db"/>
            <object_component_ref idref="oc-9a"/>
            <object_component_ref idref="oc-cf"/>
         </contents>
      </logical_group>
      <logical_group id="lg-1c2" display="never" color="cyan">
         <name>.debug_abbrev</name>
         <load_address>0x0</load_address>
         <run_address>0x0</run_address>
         <size>0xc97</size>
         <contents>
            <object_component_ref idref="oc-108"/>
            <object_component_ref idref="oc-c9"/>
            <object_component_ref idref="oc-72"/>
            <object_component_ref idref="oc-38"/>
            <object_component_ref idref="oc-af"/>
            <object_component_ref idref="oc-11c"/>
            <object_component_ref idref="oc-77"/>
            <object_component_ref idref="oc-6e"/>
            <object_component_ref idref="oc-2d"/>
            <object_component_ref idref="oc-6d"/>
            <object_component_ref idref="oc-122"/>
            <object_component_ref idref="oc-18b"/>
            <object_component_ref idref="oc-168"/>
            <object_component_ref idref="oc-145"/>
            <object_component_ref idref="oc-147"/>
            <object_component_ref idref="oc-166"/>
            <object_component_ref idref="oc-119"/>
            <object_component_ref idref="oc-19a"/>
            <object_component_ref idref="oc-18e"/>
            <object_component_ref idref="oc-190"/>
            <object_component_ref idref="oc-192"/>
            <object_component_ref idref="oc-194"/>
            <object_component_ref idref="oc-196"/>
            <object_component_ref idref="oc-198"/>
            <object_component_ref idref="oc-18c"/>
            <object_component_ref idref="oc-164"/>
            <object_component_ref idref="oc-bf"/>
            <object_component_ref idref="oc-88"/>
            <object_component_ref idref="oc-8b"/>
            <object_component_ref idref="oc-bc"/>
            <object_component_ref idref="oc-6b"/>
            <object_component_ref idref="oc-a4"/>
            <object_component_ref idref="oc-178"/>
            <object_component_ref idref="oc-12f"/>
            <object_component_ref idref="oc-17c"/>
            <object_component_ref idref="oc-1a1"/>
            <object_component_ref idref="oc-181"/>
            <object_component_ref idref="oc-186"/>
            <object_component_ref idref="oc-c2"/>
            <object_component_ref idref="oc-125"/>
            <object_component_ref idref="oc-1da"/>
         </contents>
      </logical_group>
      <logical_group id="lg-1c4" display="never" color="cyan">
         <name>.debug_str</name>
         <load_address>0x0</load_address>
         <run_address>0x0</run_address>
         <size>0x132b</size>
         <contents>
            <object_component_ref idref="oc-74"/>
            <object_component_ref idref="oc-3a"/>
            <object_component_ref idref="oc-b1"/>
            <object_component_ref idref="oc-11e"/>
            <object_component_ref idref="oc-79"/>
            <object_component_ref idref="oc-124"/>
            <object_component_ref idref="oc-8d"/>
            <object_component_ref idref="oc-be"/>
            <object_component_ref idref="oc-17e"/>
            <object_component_ref idref="oc-1a3"/>
            <object_component_ref idref="oc-183"/>
            <object_component_ref idref="oc-188"/>
         </contents>
      </logical_group>
      <logical_group id="lg-1c6" display="never" color="cyan">
         <name>.debug_aranges</name>
         <load_address>0x0</load_address>
         <run_address>0x0</run_address>
         <size>0x380</size>
         <contents>
            <object_component_ref idref="oc-9d"/>
            <object_component_ref idref="oc-29"/>
            <object_component_ref idref="oc-14b"/>
            <object_component_ref idref="oc-c5"/>
            <object_component_ref idref="oc-112"/>
            <object_component_ref idref="oc-48"/>
            <object_component_ref idref="oc-5b"/>
            <object_component_ref idref="oc-d8"/>
            <object_component_ref idref="oc-97"/>
            <object_component_ref idref="oc-cc"/>
         </contents>
      </logical_group>
      <logical_group id="lg-1c8" display="never" color="cyan">
         <name>.debug_pubnames</name>
         <load_address>0x0</load_address>
         <run_address>0x0</run_address>
         <size>0x91a</size>
         <contents>
            <object_component_ref idref="oc-9e"/>
            <object_component_ref idref="oc-14"/>
            <object_component_ref idref="oc-2a"/>
            <object_component_ref idref="oc-14c"/>
            <object_component_ref idref="oc-10c"/>
            <object_component_ref idref="oc-10f"/>
            <object_component_ref idref="oc-118"/>
            <object_component_ref idref="oc-c6"/>
            <object_component_ref idref="oc-154"/>
            <object_component_ref idref="oc-157"/>
            <object_component_ref idref="oc-15a"/>
            <object_component_ref idref="oc-15d"/>
            <object_component_ref idref="oc-160"/>
            <object_component_ref idref="oc-163"/>
            <object_component_ref idref="oc-151"/>
            <object_component_ref idref="oc-113"/>
            <object_component_ref idref="oc-4c"/>
            <object_component_ref idref="oc-26"/>
            <object_component_ref idref="oc-5c"/>
            <object_component_ref idref="oc-d9"/>
            <object_component_ref idref="oc-98"/>
            <object_component_ref idref="oc-cd"/>
         </contents>
[...]
            <object_component_ref idref="oc-ae"/>
            <object_component_ref idref="oc-11b"/>
            <object_component_ref idref="oc-76"/>
            <object_component_ref idref="oc-121"/>
            <object_component_ref idref="oc-8a"/>
            <object_component_ref idref="oc-bb"/>
            <object_component_ref idref="oc-17b"/>
            <object_component_ref idref="oc-1a0"/>
            <object_component_ref idref="oc-180"/>
            <object_component_ref idref="oc-185"/>
         </contents>
      </logical_group>
      <logical_group id="lg-1d7" display="no" color="cyan">
         <name>Veneer$$CMSE</name>
         <run_address>0x0</run_address>
         <size>0x0</size>
         <contents>
         </contents>
      </logical_group>
      <load_segment id="lg-1dc" display="no" color="cyan">
         <name>SEGMENT_0</name>
         <load_address>0x0</load_address>
         <run_address>0x0</run_address>
         <size>0x1604</size>
         <flags>0x5</flags>
         <contents>
            <logical_group_ref idref="lg-3"/>
            <logical_group_ref idref="lg-4"/>
            <logical_group_ref idref="lg-5"/>
            <logical_group_ref idref="lg-6"/>
         </contents>
      </load_segment>
      <load_segment id="lg-1dd" display="no" color="cyan">
         <name>SEGMENT_1</name>
         <run_address>0x20000000</run_address>
         <size>0x470</size>
         <flags>0x6</flags>
         <contents>
            <logical_group_ref idref="lg-9"/>
            <logical_group_ref idref="lg-d"/>
         </contents>
      </load_segment>
   </logical_group_list>
   <placement_map>
      <memory_area display="yes" color="green">
         <name>FLASH</name>
         <page_id>0x0</page_id>
         <origin>0x0</origin>
         <length>0x40000</length>
         <used_space>0x1600</used_space>
         <unused_space>0x3ea00</unused_space>
         <attributes>RX</attributes>
         <usage_details>
            <allocated_space>
               <start_address>0x0</start_address>
               <size>0x26c</size>
               <logical_group_ref idref="lg-3"/>
            </allocated_space>
            <allocated_space>
               <start_address>0x26c</start_address>
               <size>0x104c</size>
               <logical_group_ref idref="lg-4"/>
            </allocated_space>
            <allocated_space>
               <start_address>0x12b8</start_address>
               <size>0x334</size>
               <logical_group_ref idref="lg-5"/>
            </allocated_space>
            <available_space>
               <start_address>0x15ec</start_address>
               <size>0x4</size>
            </available_space>
            <allocated_space>
               <start_address>0x15f0</start_address>
               <size>0x14</size>
               <logical_group_ref idref="lg-6"/>
            </allocated_space>
            <available_space>
               <start_address>0x1604</start_address>
               <size>0x3e9fc</size>
            </available_space>
         </usage_details>
      </memory_area>
      <memory_area display="yes" color="green">
         <name>SRAM</name>
         <page_id>0x0</page_id>
         <origin>0x20000000</origin>
         <length>0x8000</length>
         <used_space>0x46c</used_space>
         <unused_space>0x7b94</unused_space>
         <attributes>RWX</attributes>
         <usage_details>
            <allocated_space>
               <start_address>0x20000000</start_address>
               <size>0x0</size>
               <logical_group_ref idref="lg-1ad"/>
            </allocated_space>
            <allocated_space>
               <start_address>0x20000000</start_address>
               <size>0x26c</size>
               <logical_group_ref idref="lg-9"/>
            </allocated_space>
            <available_space>
               <start_address>0x2000026c</start_address>
               <size>0x4</size>
            </available_space>
            <allocated_space>
               <start_address>0x20000270</start_address>
               <size>0x200</size>
               <logical_group_ref idref="lg-d"/>
            </allocated_space>
            <available_space>
               <start_address>0x20000470</start_address>
               <size>0x7b90</size>
            </available_space>
         </usage_details>
      </memory_area>
   </placement_map>
   <cptbl_list>
      <cptbl>
         <name>__TI_cinit_table</name>
         <cprec>
            <name>.vtable</name>
            <load_address>0x15f0</load_address>
            <load_size>0x8</load_size>
            <run_address>0x20000000</run_address>
            <run_size>0x26c</run_size>
            <compression>zero_init</compression>
         </cprec>
      </cptbl>
   </cptbl_list>
   <handler_table>
      <handler_table_name>__TI_handler_table</handler_table_name>
      <handler>
         <index>0x0</index>
         <name>__TI_zero_init</name>
      </handler>
   </handler_table>
   <symbol_table>
      <symbol id="sm-1">
         <name>__STACK_TOP</name>
         <value>0x20000470</value>
      </symbol>
      <symbol id="sm-2">
         <name>__start___llvm_prf_cnts</name>
         <value>0x20000000</value>
      </symbol>
      <symbol id="sm-3">
         <name>__stop___llvm_prf_cnts</name>
         <value>0x20000000</value>
      </symbol>
      <symbol id="sm-4">
         <name>__TI_CINIT_Base</name>
         <value>0x15fc</value>
      </symbol>
      <symbol id="sm-5">
         <name>__TI_CINIT_Limit</name>
         <value>0x1604</value>
      </symbol>
      <symbol id="sm-6">
         <name>__TI_Handler_Table_Base</name>
         <value>0x15f8</value>
      </symbol>
      <symbol id="sm-7">
         <name>__TI_Handler_Table_Limit</name>
         <value>0x15fc</value>
      </symbol>
      <symbol id="sm-8">
         <name>binit</name>
         <value>0xffffffff</value>
      </symbol>
      <symbol id="sm-9">
         <name>__binit__</name>
         <value>0xffffffff</value>
      </symbol>
      <symbol id="sm-a">
         <name>__STACK_SIZE</name>
         <value>0x200</value>
      </symbol>
      <symbol id="sm-b">
         <name>__STACK_END</name>
         <value>0x20000470</value>
      </symbol>
      <symbol id="sm-c">
         <name>__c_args__</name>
         <value>0xffffffff</value>
      </symbol>
      <symbol id="sm-d">
         <name>__TI_pprof_out_hndl</name>
         <value>0xffffffff</value>
      </symbol>
      <symbol id="sm-e">
         <name>__TI_prof_data_start</name>
         <value>0xffffffff</value>
      </symbol>
      <symbol id="sm-f">
         <name>__TI_prof_data_size</name>
         <value>0xffffffff</value>
      </symbol>
      <symbol id="sm-4c">
         <name>main</name>
         <value>0x1295</value>
         <object_component_ref idref="oc-9b"/>
      </symbol>
      <symbol id="sm-68">
         <name>ResetISR</name>
         <value>0x12a5</value>
         <object_component_ref idref="oc-27"/>
      </symbol>
      <symbol id="sm-69">
         <name>g_pfnVectors</name>
         <value>0x0</value>
         <object_component_ref idref="oc-12"/>
      </symbol>
      <symbol id="sm-84">
         <name>CPUbasepriGet</name>
         <value>0x1239</value>
         <object_component_ref idref="oc-149"/>
      </symbol>
      <symbol id="sm-85">
         <name>CPUbasepriSet</name>
         <value>0x122b</value>
         <object_component_ref idref="oc-149"/>
      </symbol>
      <symbol id="sm-86">
         <name>CPUprimask</name>
         <value>0x1211</value>
         <object_component_ref idref="oc-149"/>
      </symbol>
      <symbol id="sm-87">
         <name>CPUcpsie</name>
         <value>0x121b</value>
         <object_component_ref idref="oc-149"/>
      </symbol>
      <symbol id="sm-88">
         <name>CPUcpsid</name>
         <value>0x1205</value>
         <object_component_ref idref="oc-149"/>
      </symbol>
      <symbol id="sm-89">
         <name>CPUwfi</name>
         <value>0x1227</value>
         <object_component_ref idref="oc-149"/>
      </symbol>
      <symbol id="sm-13e">
         <name>GPIOPinTypePWM</name>
         <value>0xba5</value>
         <object_component_ref idref="oc-c3"/>
      </symbol>
      <symbol id="sm-13f">
         <name>GPIOIntRegister</name>
         <value>0x8a3</value>
         <object_component_ref idref="oc-c3"/>
      </symbol>
      <symbol id="sm-140">
         <name>GPIOPinConfigure</name>
         <value>0xd21</value>
         <object_component_ref idref="oc-c3"/>
      </symbol>
      <symbol id="sm-141">
         <name>GPIOPinTypeGPIOOutputOD</name>
         <value>0xacd</value>
         <object_component_ref idref="oc-c3"/>
      </symbol>
      <symbol id="sm-142">
         <name>GPIOPinTypeI2CSCL</name>
         <value>0xb39</value>
         <object_component_ref idref="oc-c3"/>
      </symbol>
      <symbol id="sm-143">
         <name>GPIOPinTypeUSBAnalog</name>
         <value>0xc7d</value>
         <object_component_ref idref="oc-c3"/>
      </symbol>
      <symbol id="sm-144">
         <name>GPIOIntDisable</name>
         <value>0x853</value>
         <object_component_ref idref="oc-c3"/>
      </symbol>
      <symbol id="sm-145">
         <name>GPIODirModeGet</name>
         <value>0x327</value>
         <object_component_ref idref="oc-c3"/>
      </symbol>
      <symbol id="sm-146">
         <name>GPIOPinTypeTrace</name>
         <value>0xc35</value>
         <object_component_ref idref="oc-c3"/>
      </symbol>
      <symbol id="sm-147">
         <name>GPIOPinTypeWakeHigh</name>
         <value>0xcc5</value>
         <object_component_ref idref="oc-c3"/>
      </symbol>
      <symbol id="sm-148">
         <name>GPIOPinTypeWakeLow</name>
         <value>0xceb</value>
         <object_component_ref idref="oc-c3"/>
      </symbol>
      <symbol id="sm-149">
         <name>GPIOIntEnable</name>
         <value>0x839</value>
         <object_component_ref idref="oc-c3"/>
      </symbol>
      <symbol id="sm-14a">
         <name>GPIOPinTypeI2C</name>
         <value>0xb15</value>
         <object_component_ref idref="oc-c3"/>
      </symbol>
      <symbol id="sm-14b">
         <name>GPIOPinTypeUSBDigital</name>
         <value>0xca1</value>
         <object_component_ref idref="oc-c3"/>
      </symbol>
      <symbol id="sm-14c">
         <name>GPIOIntTypeSet</name>
         <value>0x373</value>
         <object_component_ref idref="oc-c3"/>
      </symbol>
      <symbol id="sm-14d">
         <name>GPIOPinTypeADC</name>
         <value>0x965</value>
         <object_component_ref idref="oc-c3"/>
      </symbol>
      <symbol id="sm-14e">
         <name>GPIODMATriggerDisable</name>
         <value>0xd9d</value>
         <object_component_ref idref="oc-c3"/>
      </symbol>
      <symbol id="sm-14f">
         <name>GPIOPinTypeGPIOInput</name>
         <value>0xa85</value>
         <object_component_ref idref="oc-c3"/>
      </symbol>
      <symbol id="sm-150">
         <name>GPIOIntUnregisterPin</name>
         <value>0x909</value>
         <object_component_ref idref="oc-c3"/>
      </symbol>
      <symbol id="sm-151">
         <name>GPIOIntUnregister</name>
         <value>0x8c1</value>
         <object_component_ref idref="oc-c3"/>
      </symbol>
      <symbol id="sm-152">
         <name>GPIOPinTypeComparator</name>
         <value>0x9ad</value>
         <object_component_ref idref="oc-c3"/>
      </symbol>
      <symbol id="sm-153">
         <name>GPIOPinTypeComparatorOutput</name>
         <value>0x9d1</value>
         <object_component_ref idref="oc-c3"/>
      </symbol>
      <symbol id="sm-154">
         <name>GPIOPadConfigGet</name>
         <value>0x6e7</value>
         <object_component_ref idref="oc-c3"/>
      </symbol>
      <symbol id="sm-155">
         <name>GPIOPinTypeOneWire</name>
         <value>0xb81</value>
         <object_component_ref idref="oc-c3"/>
      </symbol>
      <symbol id="sm-156">
         <name>GPIOIntClear</name>
         <value>0x88f</value>
         <object_component_ref idref="oc-c3"/>
      </symbol>
      <symbol id="sm-157">
         <name>GPIOADCTriggerEnable</name>
         <value>0xdbb</value>
         <object_component_ref idref="oc-c3"/>
      </symbol>
      <symbol id="sm-158">
         <name>GPIOADCTriggerDisable</name>
         <value>0xdd9</value>
         <object_component_ref idref="oc-c3"/>
      </symbol>
      <symbol id="sm-159">
         <name>GPIOPinTypeUART</name>
         <value>0xc59</value>
         <object_component_ref idref="oc-c3"/>
      </symbol>
      <symbol id="sm-15a">
         <name>GPIOIntRegisterPin</name>
         <value>0x8db</value>
         <object_component_ref idref="oc-c3"/>
      </symbol>
      <symbol id="sm-15b">
         <name>GPIOIntStatus</name>
         <value>0x86d</value>
         <object_component_ref idref="oc-c3"/>
      </symbol>
      <symbol id="sm-15c">
         <name>GPIOPinTypeDIVSCLK</name>
         <value>0x9f5</value>
         <object_component_ref idref="oc-c3"/>
      </symbol>
      <symbol id="sm-15d">
         <name>GPIOPinTypeGPIOOutput</name>
         <value>0xaa9</value>
         <object_component_ref idref="oc-c3"/>
      </symbol>
      <symbol id="sm-15e">
         <name>GPIOIntTypeGet</name>
         <value>0x417</value>
         <object_component_ref idref="oc-c3"/>
      </symbol>
      <symbol id="sm-15f">
         <name>GPIOPinRead</name>
         <value>0x92d</value>
         <object_component_ref idref="oc-c3"/>
      </symbol>
      <symbol id="sm-160">
         <name>GPIODirModeSet</name>
         <value>0x2cb</value>
         <object_component_ref idref="oc-c3"/>
      </symbol>
      <symbol id="sm-161">
         <name>GPIOPinTypeQEI</name>
         <value>0xbc9</value>
         <object_component_ref idref="oc-c3"/>
      </symbol>
      <symbol id="sm-162">
         <name>GPIOPinTypeHibernateRTCCLK</name>
         <value>0xaf1</value>
         <object_component_ref idref="oc-c3"/>
      </symbol>
      <symbol id="sm-163">
         <name>GPIODMATriggerEnable</name>
         <value>0xd7f</value>
         <object_component_ref idref="oc-c3"/>
      </symbol>
      <symbol id="sm-164">
         <name>GPIOPinTypeEthernetMII</name>
         <value>0xa61</value>
         <object_component_ref idref="oc-c3"/>
      </symbol>
      <symbol id="sm-165">
         <name>GPIOPinWrite</name>
         <value>0x945</value>
         <object_component_ref idref="oc-c3"/>
      </symbol>
      <symbol id="sm-166">
         <name>GPIOPadConfigSet</name>
         <value>0x4ad</value>
         <object_component_ref idref="oc-c3"/>
      </symbol>
      <symbol id="sm-167">
         <name>GPIOPinTypeLCD</name>
         <value>0xb5d</value>
         <object_component_ref idref="oc-c3"/>
      </symbol>
      <symbol id="sm-168">
         <name>GPIOPinTypeSSI</name>
         <value>0xbed</value>
         <object_component_ref idref="oc-c3"/>
      </symbol>
      <symbol id="sm-169">
         <name>GPIOPinTypeTimer</name>
         <value>0xc11</value>
         <object_component_ref idref="oc-c3"/>
      </symbol>
      <symbol id="sm-16a">
         <name>GPIOPinTypeCAN</name>
         <value>0x989</value>
         <object_component_ref idref="oc-c3"/>
      </symbol>
      <symbol id="sm-16b">
         <name>GPIOPinTypeEPI</name>
         <value>0xa19</value>
         <object_component_ref idref="oc-c3"/>
      </symbol>
      <symbol id="sm-16c">
         <name>GPIOPinTypeEthernetLED</name>
         <value>0xa3d</value>
         <object_component_ref idref="oc-c3"/>
      </symbol>
      <symbol id="sm-16d">
         <name>GPIOPinWakeStatus</name>
         <value>0xd11</value>
         <object_component_ref idref="oc-c3"/>
      </symbol>
      <symbol id="sm-1ec">
         <name>IntPendClear</name>
         <value>0x1129</value>
         <object_component_ref idref="oc-110"/>
      </symbol>
      <symbol id="sm-1ed">
         <name>IntPriorityGroupingGet</name>
         <value>0xea3</value>
         <object_component_ref idref="oc-110"/>
      </symbol>
      <symbol id="sm-1ee">
         <name>IntPrioritySet</name>
         <value>0xedb</value>
         <object_component_ref idref="oc-110"/>
      </symbol>
      <symbol id="sm-1ef">
         <name>IntIsEnabled</name>
         <value>0x1033</value>
         <object_component_ref idref="oc-110"/>
      </symbol>
      <symbol id="sm-1f0">
         <name>IntEnable</name>
         <value>0xf4f</value>
         <object_component_ref idref="oc-110"/>
      </symbol>
      <symbol id="sm-1f1">
         <name>IntTrigger</name>
         <value>0x118b</value>
         <object_component_ref idref="oc-110"/>
      </symbol>
      <symbol id="sm-1f2">
         <name>IntPriorityMaskSet</name>
         <value>0x1177</value>
         <object_component_ref idref="oc-110"/>
      </symbol>
      <symbol id="sm-1f3">
         <name>IntPriorityGroupingSet</name>
         <value>0xe89</value>
         <object_component_ref idref="oc-110"/>
      </symbol>
      <symbol id="sm-1f4">
         <name>IntDisable</name>
         <value>0xfc1</value>
         <object_component_ref idref="oc-110"/>
      </symbol>
      <symbol id="sm-1f5">
         <name>IntRegister</name>
         <value>0xe23</value>
         <object_component_ref idref="oc-110"/>
      </symbol>
      <symbol id="sm-1f6">
         <name>IntPriorityGet</name>
         <value>0xf2b</value>
         <object_component_ref idref="oc-110"/>
      </symbol>
      <symbol id="sm-1f7">
         <name>IntMasterDisable</name>
         <value>0xe13</value>
         <object_component_ref idref="oc-110"/>
      </symbol>
      <symbol id="sm-1f8">
         <name>IntUnregister</name>
         <value>0xe75</value>
         <object_component_ref idref="oc-110"/>
      </symbol>
      <symbol id="sm-1f9">
         <name>IntPriorityMaskGet</name>
         <value>0x1183</value>
         <object_component_ref idref="oc-110"/>
      </symbol>
      <symbol id="sm-1fa">
         <name>g_pfnRAMVectors</name>
         <value>0x20000000</value>
         <object_component_ref idref="oc-14f"/>
      </symbol>
      <symbol id="sm-1fb">
         <name>IntMasterEnable</name>
         <value>0xe03</value>
         <object_component_ref idref="oc-110"/>
      </symbol>
      <symbol id="sm-1fc">
         <name>IntPendSet</name>
         <value>0x10b9</value>
         <object_component_ref idref="oc-110"/>
      </symbol>
      <symbol id="sm-225">
         <name>__TI_zero_init_nomemset</name>
         <value>0x1279</value>
         <object_component_ref idref="oc-47"/>
      </symbol>
      <symbol id="sm-23a">
         <name>__stack</name>
         <value>0x20000270</value>
         <object_component_ref idref="oc-24"/>
      </symbol>
      <symbol id="sm-23b">
         <name>_c_int00_noargs</name>
         <value>0x1245</value>
         <object_component_ref idref="oc-59"/>
      </symbol>
      <symbol id="sm-265">
         <name>__TI_auto_init_nobinit_nopinit</name>
         <value>0x11c1</value>
         <object_component_ref idref="oc-d6"/>
      </symbol>
      <symbol id="sm-26f">
         <name>_system_pre_init</name>
         <value>0x12b1</value>
         <object_component_ref idref="oc-95"/>
      </symbol>
      <symbol id="sm-27b">
         <name>C$$EXIT</name>
         <value>0x12b5</value>
         <object_component_ref idref="oc-ca"/>
      </symbol>
      <symbol id="sm-27c">
         <name>abort</name>
         <value>0x12b5</value>
         <object_component_ref idref="oc-ca"/>
      </symbol>
      <symbol id="sm-27f">
         <name>__TI_static_base__</name>
         <value>0x0</value>
      </symbol>
      <symbol id="sm-281">
         <name>__mpu_init</name>
         <value>0x0</value>
      </symbol>
      <symbol id="sm-282">
         <name>_system_post_cinit</name>
         <value>0x0</value>
      </symbol>
   </symbol_table>
   <title>Link successful</title>
</link_info>
