******************************************************************************
                  TI ARM Linker Unix v20.2.2                   
******************************************************************************
>> Linked Wed Mar 24 15:07:39 2021

OUTPUT FILE NAME:   <external fd driver.out>
ENTRY POINT SYMBOL: "_c_int00_noargs"  address: 00001245


MEMORY CONFIGURATION

         name            origin    length      used     unused   attr    fill
----------------------  --------  ---------  --------  --------  ----  --------
  FLASH                 00000000   00040000  00001600  0003ea00  R  X
  SRAM                  20000000   00008000  0000046c  00007b94  RW X


SEGMENT ALLOCATION MAP

run origin  load origin   length   init length attrs members
----------  ----------- ---------- ----------- ----- -------
00000000    00000000    00001604   00001604    r-x
  00000000    00000000    0000026c   0000026c    r-- .intvecs
  0000026c    0000026c    0000104c   0000104c    r-x .text
  000012b8    000012b8    00000334   00000334    r-- .const
  000015f0    000015f0    00000014   00000014    r-- .cinit
20000000    20000000    00000470   00000000    rw-
  20000000    20000000    0000026c   00000000    rw- .vtable
  20000270    20000270    00000200   00000000    rw- .stack


SECTION ALLOCATION MAP

 output                                  attributes/
section   page    origin      length       input sections
--------  ----  ----------  ----------   ----------------
.intvecs   0    00000000    0000026c     
                  00000000    0000026c     tm4c123gh6pm_startup_ccs.obj (.intvecs)

.text      0    0000026c    0000104c     
                  0000026c    00000b94     gpio.obj (.text)
                  00000e00    000003c0     interrupt.obj (.text)
                  000011c0    00000044     rtsv7M4_T_le_v4SPD16_eabi.lib : autoinit.c.obj (.text:__TI_auto_init_nobinit_nopinit:__TI_auto_init_nobinit_nopinit)
                  00001204    0000003e     cpu.obj (.text)
                  00001242    00000002     --HOLE-- [fill = 0]
                  00001244    00000034     rtsv7M4_T_le_v4SPD16_eabi.lib : boot_cortex_m.c.obj (.text:_c_int00_noargs:_c_int00_noargs)
                  00001278    0000001c                                   : copy_zero_init.c.obj (.text:decompress:ZI:__TI_zero_init_nomemset:__TI_zero_init_nomemset)
                  00001294    00000010     main.obj (.text)
                  000012a4    0000000c     tm4c123gh6pm_startup_ccs.obj (.text)
                  000012b0    00000004     rtsv7M4_T_le_v4SPD16_eabi.lib : pre_init.c.obj (.text:_system_pre_init)
                  000012b4    00000004                                   : exit.c.obj (.text:abort:abort)

.const     0    000012b8    00000334     
                  000012b8    000000d8     gpio.obj (.const:g_ppui32GPIOIntMapSnowflake)
                  00001390    000000c0     gpio.obj (.const:g_ppui32GPIOIntMapBlizzard)
                  00001450    0000009c     interrupt.obj (.const:g_pui32Regs)
                  000014ec    00000090     gpio.obj (.const:g_pui32GPIOBaseAddrs)
                  0000157c    00000020     interrupt.obj (.const:g_pui32Priority)
                  0000159c    00000014     interrupt.obj (.const:g_pui32Dii16Regs)
                  000015b0    00000014     interrupt.obj (.const:g_pui32EnRegs)
                  000015c4    00000014     interrupt.obj (.const:g_pui32PendRegs)
                  000015d8    00000014     interrupt.obj (.const:g_pui32UnpendRegs)

.cinit     0    000015f0    00000014     
                  000015f0    00000008     (.cinit..vtable.load) [load image, compression = zero_init]
                  000015f8    00000004     (__TI_handler_table)
                  000015fc    00000008     (__TI_cinit_table)

.init_array 
*          0    00000000    00000000     UNINITIALIZED

.vtable    0    20000000    0000026c     UNINITIALIZED
                  20000000    0000026c     interrupt.obj (.vtable)

.stack     0    20000270    00000200     UNINITIALIZED
                  20000270    00000004     rtsv7M4_T_le_v4SPD16_eabi.lib : boot_cortex_m.c.obj (.stack)
                  20000274    000001fc     --HOLE--

__llvm_prf_cnts 
*          0    20000000    00000000     UNINITIALIZED

MODULE SUMMARY

       Module                         code   ro data   rw data
       ------                         ----   -------   -------
    ./
       tm4c123gh6pm_startup_ccs.obj   12     620       0      
       main.obj                       16     0         0      
    +--+------------------------------+------+---------+---------+
       Total:                         28     620       0      
                                                              
    ./driverlib/
       gpio.obj                       2964   552       0      
       interrupt.obj                  960    268       620    
       cpu.obj                        62     0         0      
    +--+------------------------------+------+---------+---------+
       Total:                         3986   820       620    
                                                              
    /home/mostafa/ti/ccs1020/ccs/tools/compiler/ti-cgt-arm_20.2.2.LTS/lib/rtsv7M4_T_le_v4SPD16_eabi.lib
       autoinit.c.obj                 68     0         0      
       boot_cortex_m.c.obj            52     0         0      
       copy_zero_init.c.obj           28     0         0      
       exit.c.obj                     4      0         0      
       pre_init.c.obj                 4      0         0      
    +--+------------------------------+------+---------+---------+
       Total:                         156    0         0      
                                                              
       Stack:                         0      0         512    
       Linker Generated:              0      20        0      
    +--+------------------------------+------+---------+---------+
       Grand Total:                   4170   1460      1132   


LINKER GENERATED COPY TABLES

__TI_cinit_table @ 000015fc records: 1, size/record: 8, table size: 8
	.vtable: load addr=000015f0, load size=00000008 bytes, run addr=20000000, run size=0000026c bytes, compression=zero_init


LINKER GENERATED HANDLER TABLE

__TI_handler_table @ 000015f8 records: 1, size/record: 4, table size: 4
	index: 0, handler: __TI_zero_init


GLOBAL SYMBOLS: SORTED ALPHABETICALLY BY Name 

address   name                          
-------   ----                          
000012b5  C$$EXIT                       
00001239  CPUbasepriGet                 
0000122b  CPUbasepriSet                 
00001205  CPUcpsid                      
0000121b  CPUcpsie                      
00001211  CPUprimask                    
00001227  CPUwfi                        
00000dd9  GPIOADCTriggerDisable         
00000dbb  GPIOADCTriggerEnable          
00000d9d  GPIODMATriggerDisable         
00000d7f  GPIODMATriggerEnable          
00000327  GPIODirModeGet                
000002cb  GPIODirModeSet                
0000088f  GPIOIntClear                  
00000853  GPIOIntDisable                
00000839  GPIOIntEnable                 
000008a3  GPIOIntRegister               
000008db  GPIOIntRegisterPin            
0000086d  GPIOIntStatus                 
00000417  GPIOIntTypeGet                
00000373  GPIOIntTypeSet                
000008c1  GPIOIntUnregister             
00000909  GPIOIntUnregisterPin          
000006e7  GPIOPadConfigGet              
000004ad  GPIOPadConfigSet              
00000d21  GPIOPinConfigure              
0000092d  GPIOPinRead                   
00000965  GPIOPinTypeADC                
00000989  GPIOPinTypeCAN                
000009ad  GPIOPinTypeComparator         
000009d1  GPIOPinTypeComparatorOutput   
000009f5  GPIOPinTypeDIVSCLK            
00000a19  GPIOPinTypeEPI                
00000a3d  GPIOPinTypeEthernetLED        
00000a61  GPIOPinTypeEthernetMII        
00000a85  GPIOPinTypeGPIOInput          
00000aa9  GPIOPinTypeGPIOOutput         
00000acd  GPIOPinTypeGPIOOutputOD       
00000af1  GPIOPinTypeHibernateRTCCLK    
00000b15  GPIOPinTypeI2C                
00000b39  GPIOPinTypeI2CSCL             
00000b5d  GPIOPinTypeLCD                
00000b81  GPIOPinTypeOneWire            
00000ba5  GPIOPinTypePWM                
00000bc9  GPIOPinTypeQEI                
00000bed  GPIOPinTypeSSI                
00000c11  GPIOPinTypeTimer              
00000c35  GPIOPinTypeTrace              
00000c59  GPIOPinTypeUART               
00000c7d  GPIOPinTypeUSBAnalog          
00000ca1  GPIOPinTypeUSBDigital         
00000cc5  GPIOPinTypeWakeHigh           
00000ceb  GPIOPinTypeWakeLow            
00000d11  GPIOPinWakeStatus             
00000945  GPIOPinWrite                  
00000fc1  IntDisable                    
00000f4f  IntEnable                     
00001033  IntIsEnabled                  
00000e13  IntMasterDisable              
00000e03  IntMasterEnable               
00001129  IntPendClear                  
000010b9  IntPendSet                    
00000f2b  IntPriorityGet                
00000ea3  IntPriorityGroupingGet        
00000e89  IntPriorityGroupingSet        
00001183  IntPriorityMaskGet            
00001177  IntPriorityMaskSet            
00000edb  IntPrioritySet                
00000e23  IntRegister                   
0000118b  IntTrigger                    
00000e75  IntUnregister                 
000012a5  ResetISR                      
20000470  __STACK_END                   
00000200  __STACK_SIZE                  
20000470  __STACK_TOP                   
000015fc  __TI_CINIT_Base               
00001604  __TI_CINIT_Limit              
000015f8  __TI_Handler_Table_Base       
000015fc  __TI_Handler_Table_Limit      
000011c1  __TI_auto_init_nobinit_nopinit
ffffffff  __TI_pprof_out_hndl           
ffffffff  __TI_prof_data_size           
ffffffff  __TI_prof_data_start          
00000000  __TI_static_base__            
00001279  __TI_zero_init_nomemset       
ffffffff  __binit__                     
ffffffff  __c_args__                    
UNDEFED   __mpu_init                    
20000270  __stack                       
20000000  __start___llvm_prf_cnts       
20000000  __stop___llvm_prf_cnts        
00001245  _c_int00_noargs               
UNDEFED   _system_post_cinit            
000012b1  _system_pre_init              
000012b5  abort                         
ffffffff  binit                         
20000000  g_pfnRAMVectors               
00000000  g_pfnVectors                  
00001295  main                          


GLOBAL SYMBOLS: SORTED BY Symbol Address 

address   name                          
-------   ----                          
00000000  __TI_static_base__            
00000000  g_pfnVectors                  
00000200  __STACK_SIZE                  
000002cb  GPIODirModeSet                
00000327  GPIODirModeGet                
00000373  GPIOIntTypeSet                
00000417  GPIOIntTypeGet                
000004ad  GPIOPadConfigSet              
000006e7  GPIOPadConfigGet              
00000839  GPIOIntEnable                 
00000853  GPIOIntDisable                
0000086d  GPIOIntStatus                 
0000088f  GPIOIntClear                  
000008a3  GPIOIntRegister               
000008c1  GPIOIntUnregister             
000008db  GPIOIntRegisterPin            
00000909  GPIOIntUnregisterPin          
0000092d  GPIOPinRead                   
00000945  GPIOPinWrite                  
00000965  GPIOPinTypeADC                
00000989  GPIOPinTypeCAN                
000009ad  GPIOPinTypeComparator         
000009d1  GPIOPinTypeComparatorOutput   
000009f5  GPIOPinTypeDIVSCLK            
00000a19  GPIOPinTypeEPI                
00000a3d  GPIOPinTypeEthernetLED        
00000a61  GPIOPinTypeEthernetMII        
00000a85  GPIOPinTypeGPIOInput          
00000aa9  GPIOPinTypeGPIOOutput         
00000acd  GPIOPinTypeGPIOOutputOD       
00000af1  GPIOPinTypeHibernateRTCCLK    
00000b15  GPIOPinTypeI2C                
00000b39  GPIOPinTypeI2CSCL             
00000b5d  GPIOPinTypeLCD                
00000b81  GPIOPinTypeOneWire            
00000ba5  GPIOPinTypePWM                
00000bc9  GPIOPinTypeQEI                
00000bed  GPIOPinTypeSSI                
00000c11  GPIOPinTypeTimer              
00000c35  GPIOPinTypeTrace              
00000c59  GPIOPinTypeUART               
00000c7d  GPIOPinTypeUSBAnalog          
00000ca1  GPIOPinTypeUSBDigital         
00000cc5  GPIOPinTypeWakeHigh           
00000ceb  GPIOPinTypeWakeLow            
00000d11  GPIOPinWakeStatus             
00000d21  GPIOPinConfigure              
00000d7f  GPIODMATriggerEnable          
00000d9d  GPIODMATriggerDisable         
00000dbb  GPIOADCTriggerEnable          
00000dd9  GPIOADCTriggerDisable         
00000e03  IntMasterEnable               
00000e13  IntMasterDisable              
00000e23  IntRegister                   
00000e75  IntUnregister                 
00000e89  IntPriorityGroupingSet        
00000ea3  IntPriorityGroupingGet        
00000edb  IntPrioritySet                
00000f2b  IntPriorityGet                
00000f4f  IntEnable                     
00000fc1  IntDisable                    
00001033  IntIsEnabled                  
000010b9  IntPendSet                    
00001129  IntPendClear                  
00001177  IntPriorityMaskSet            
00001183  IntPriorityMaskGet            
0000118b  IntTrigger                    
000011c1  __TI_auto_init_nobinit_nopinit
00001205  CPUcpsid                      
00001211  CPUprimask                    
0000121b  CPUcpsie                      
00001227  CPUwfi                        
0000122b  CPUbasepriSet                 
00001239  CPUbasepriGet                 
00001245  _c_int00_noargs               
00001279  __TI_zero_init_nomemset       
00001295  main                          
000012a5  ResetISR                      
000012b1  _system_pre_init              
000012b5  C$$EXIT                       
000012b5  abort                         
000015f8  __TI_Handler_Table_Base       
000015fc  __TI_CINIT_Base               
000015fc  __TI_Handler_Table_Limit      
00001604  __TI_CINIT_Limit              
20000000  __start___llvm_prf_cnts       
20000000  __stop___llvm_prf_cnts        
20000000  g_pfnRAMVectors               
20000270  __stack                       
20000470  __STACK_END                   
20000470  __STACK_TOP                   
ffffffff  __TI_pprof_out_hndl           
ffffffff  __TI_prof_data_size           
ffffffff  __TI_prof_data_start          
ffffffff  __binit__                     
ffffffff  __c_args__                    
ffffffff  binit                         
UNDEFED   __mpu_init                    
UNDEFED   _system_post_cinit            

[99 symbols]
